Archive member included to satisfy reference by file (symbol)

/home/zbtrs/ospp/userapps/sdk/rt-thread/lib/risc-v/rv64gc//librtthread.a(rt_channel.o)
                              (--whole-archive)
/home/zbtrs/ospp/userapps/sdk/rt-thread/lib/risc-v/rv64gc//librtthread.a(rt_completion.o)
                              (--whole-archive)
/home/zbtrs/ospp/userapps/sdk/rt-thread/lib/risc-v/rv64gc//librtthread.a(rt_device.o)
                              (--whole-archive)
/home/zbtrs/ospp/userapps/sdk/rt-thread/lib/risc-v/rv64gc//librtthread.a(rt_ipc.o)
                              (--whole-archive)
/home/zbtrs/ospp/userapps/sdk/rt-thread/lib/risc-v/rv64gc//librtthread.a(rt_net.o)
                              (--whole-archive)
/home/zbtrs/ospp/userapps/sdk/rt-thread/lib/risc-v/rv64gc//librtthread.a(rt_syscall.o)
                              (--whole-archive)
/home/zbtrs/ospp/userapps/sdk/rt-thread/lib/risc-v/rv64gc//librtthread.a(rt_thread.o)
                              (--whole-archive)
/home/zbtrs/ospp/userapps/sdk/rt-thread/lib/risc-v/rv64gc//librtthread.a(rt_timer.o)
                              (--whole-archive)
/home/zbtrs/ospp/userapps/sdk/rt-thread/lib/risc-v/rv64gc//librtthread.a(stub.o)
                              (--whole-archive)
/home/zbtrs/ospp/rt-thread/bsp/toolchain/riscv64-linux-musleabi_for_x86_64-pc-linux-gnu/bin/../lib/gcc/riscv64-unknown-linux-musl/10.1.0/../../../../riscv64-unknown-linux-musl/lib/libc.a(__libc_start_main.o)
                              /home/zbtrs/ospp/rt-thread/bsp/toolchain/riscv64-linux-musleabi_for_x86_64-pc-linux-gnu/bin/../lib/gcc/riscv64-unknown-linux-musl/10.1.0/../../../../riscv64-unknown-linux-musl/lib/crt1.o (__libc_start_main)
/home/zbtrs/ospp/rt-thread/bsp/toolchain/riscv64-linux-musleabi_for_x86_64-pc-linux-gnu/bin/../lib/gcc/riscv64-unknown-linux-musl/10.1.0/../../../../riscv64-unknown-linux-musl/lib/libc.a(__errno_location.o)
                              /home/zbtrs/ospp/userapps/sdk/rt-thread/lib/risc-v/rv64gc//librtthread.a(rt_net.o) (__errno_location)
/home/zbtrs/ospp/rt-thread/bsp/toolchain/riscv64-linux-musleabi_for_x86_64-pc-linux-gnu/bin/../lib/gcc/riscv64-unknown-linux-musl/10.1.0/../../../../riscv64-unknown-linux-musl/lib/libc.a(strerror.o)
                              /home/zbtrs/ospp/userapps/sdk/rt-thread/lib/risc-v/rv64gc//librtthread.a(rt_net.o) (strerror)
/home/zbtrs/ospp/rt-thread/bsp/toolchain/riscv64-linux-musleabi_for_x86_64-pc-linux-gnu/bin/../lib/gcc/riscv64-unknown-linux-musl/10.1.0/../../../../riscv64-unknown-linux-musl/lib/libc.a(exit.o)
                              /home/zbtrs/ospp/userapps/sdk/rt-thread/lib/risc-v/rv64gc//librtthread.a(stub.o) (exit)
/home/zbtrs/ospp/rt-thread/bsp/toolchain/riscv64-linux-musleabi_for_x86_64-pc-linux-gnu/bin/../lib/gcc/riscv64-unknown-linux-musl/10.1.0/../../../../riscv64-unknown-linux-musl/lib/libc.a(fcntl.o)
                              /home/zbtrs/ospp/userapps/sdk/rt-thread/lib/risc-v/rv64gc//librtthread.a(rt_net.o) (fcntl)
/home/zbtrs/ospp/rt-thread/bsp/toolchain/riscv64-linux-musleabi_for_x86_64-pc-linux-gnu/bin/../lib/gcc/riscv64-unknown-linux-musl/10.1.0/../../../../riscv64-unknown-linux-musl/lib/libc.a(libc.o)
                              /home/zbtrs/ospp/rt-thread/bsp/toolchain/riscv64-linux-musleabi_for_x86_64-pc-linux-gnu/bin/../lib/gcc/riscv64-unknown-linux-musl/10.1.0/../../../../riscv64-unknown-linux-musl/lib/libc.a(__libc_start_main.o) (__progname_full)
/home/zbtrs/ospp/rt-thread/bsp/toolchain/riscv64-linux-musleabi_for_x86_64-pc-linux-gnu/bin/../lib/gcc/riscv64-unknown-linux-musl/10.1.0/../../../../riscv64-unknown-linux-musl/lib/libc.a(syscall.o)
                              /home/zbtrs/ospp/userapps/sdk/rt-thread/lib/risc-v/rv64gc//librtthread.a(rt_channel.o) (syscall)
/home/zbtrs/ospp/rt-thread/bsp/toolchain/riscv64-linux-musleabi_for_x86_64-pc-linux-gnu/bin/../lib/gcc/riscv64-unknown-linux-musl/10.1.0/../../../../riscv64-unknown-linux-musl/lib/libc.a(syscall.o)
                              /home/zbtrs/ospp/rt-thread/bsp/toolchain/riscv64-linux-musleabi_for_x86_64-pc-linux-gnu/bin/../lib/gcc/riscv64-unknown-linux-musl/10.1.0/../../../../riscv64-unknown-linux-musl/lib/libc.a(fcntl.o) (get_rtt_syscall)
/home/zbtrs/ospp/rt-thread/bsp/toolchain/riscv64-linux-musleabi_for_x86_64-pc-linux-gnu/bin/../lib/gcc/riscv64-unknown-linux-musl/10.1.0/../../../../riscv64-unknown-linux-musl/lib/libc.a(syscall_ret.o)
                              /home/zbtrs/ospp/rt-thread/bsp/toolchain/riscv64-linux-musleabi_for_x86_64-pc-linux-gnu/bin/../lib/gcc/riscv64-unknown-linux-musl/10.1.0/../../../../riscv64-unknown-linux-musl/lib/libc.a(fcntl.o) (__syscall_ret)
/home/zbtrs/ospp/rt-thread/bsp/toolchain/riscv64-linux-musleabi_for_x86_64-pc-linux-gnu/bin/../lib/gcc/riscv64-unknown-linux-musl/10.1.0/../../../../riscv64-unknown-linux-musl/lib/libc.a(__lctrans.o)
[...]
Memory Configuration

Name             Origin             Length             Attributes
*default*        0x0000000000000000 0xffffffffffffffff

Linker script and memory map

LOAD /home/zbtrs/ospp/rt-thread/bsp/toolchain/riscv64-linux-musleabi_for_x86_64-pc-linux-gnu/bin/../lib/gcc/riscv64-unknown-linux-musl/10.1.0/../../../../riscv64-unknown-linux-musl/lib/crt1.o
LOAD /home/zbtrs/ospp/rt-thread/bsp/toolchain/riscv64-linux-musleabi_for_x86_64-pc-linux-gnu/bin/../lib/gcc/riscv64-unknown-linux-musl/10.1.0/crti.o
LOAD /home/zbtrs/ospp/rt-thread/bsp/toolchain/riscv64-linux-musleabi_for_x86_64-pc-linux-gnu/bin/../lib/gcc/riscv64-unknown-linux-musl/10.1.0/crtbeginT.o
START GROUP
LOAD /home/zbtrs/ospp/userapps/sdk/rt-thread/lib/risc-v/rv64gc//librtthread.a
END GROUP
LOAD /tmp/cc2olldp.o
START GROUP
LOAD /home/zbtrs/ospp/rt-thread/bsp/toolchain/riscv64-linux-musleabi_for_x86_64-pc-linux-gnu/bin/../lib/gcc/riscv64-unknown-linux-musl/10.1.0/libgcc.a
LOAD /home/zbtrs/ospp/rt-thread/bsp/toolchain/riscv64-linux-musleabi_for_x86_64-pc-linux-gnu/bin/../lib/gcc/riscv64-unknown-linux-musl/10.1.0/libgcc_eh.a
LOAD /home/zbtrs/ospp/rt-thread/bsp/toolchain/riscv64-linux-musleabi_for_x86_64-pc-linux-gnu/bin/../lib/gcc/riscv64-unknown-linux-musl/10.1.0/../../../../riscv64-unknown-linux-musl/lib/libc.a
END GROUP
LOAD /home/zbtrs/ospp/rt-thread/bsp/toolchain/riscv64-linux-musleabi_for_x86_64-pc-linux-gnu/bin/../lib/gcc/riscv64-unknown-linux-musl/10.1.0/crtend.o
LOAD /home/zbtrs/ospp/rt-thread/bsp/toolchain/riscv64-linux-musleabi_for_x86_64-pc-linux-gnu/bin/../lib/gcc/riscv64-unknown-linux-musl/10.1.0/crtn.o
                0x0000000200000000                . = 0x200000000

.text           0x0000000200000000    0x11948
                0x0000000200000000                __text_start__ = .
 *(.start)
 .start         0x0000000200000000       0x14 /home/zbtrs/ospp/rt-thread/bsp/toolchain/riscv64-linux-musleabi_for_x86_64-pc-linux-gnu/bin/../lib/gcc/riscv64-unknown-linux-musl/10.1.0/../../../../riscv64-unknown-linux-musl/lib/crt1.o
                0x0000000200000000                _start
 *(.text*)
 .text          0x0000000200000014        0x0 /home/zbtrs/ospp/rt-thread/bsp/toolchain/riscv64-linux-musleabi_for_x86_64-pc-linux-gnu/bin/../lib/gcc/riscv64-unknown-linux-musl/10.1.0/../../../../riscv64-unknown-linux-musl/lib/crt1.o
 .text._start_c
                0x0000000200000014       0x28 /home/zbtrs/ospp/rt-thread/bsp/toolchain/riscv64-linux-musleabi_for_x86_64-pc-linux-gnu/bin/../lib/gcc/riscv64-unknown-linux-musl/10.1.0/../../../../riscv64-unknown-linux-musl/lib/crt1.o
                0x0000000200000014                _start_c
 .text          0x000000020000003c        0x0 /home/zbtrs/ospp/rt-thread/bsp/toolchain/riscv64-linux-musleabi_for_x86_64-pc-linux-gnu/bin/../lib/gcc/riscv64-unknown-linux-musl/10.1.0/crti.o
 .text          0x000000020000003c       0xac /home/zbtrs/ospp/rt-thread/bsp/toolchain/riscv64-linux-musleabi_for_x86_64-pc-linux-gnu/bin/../lib/gcc/riscv64-unknown-linux-musl/10.1.0/crtbeginT.o
 .text          0x00000002000000e8      0x1da /home/zbtrs/ospp/userapps/sdk/rt-thread/lib/risc-v/rv64gc//librtthread.a(rt_channel.o)
                0x00000002000000e8                rt_channel_open
                0x000000020000011a                rt_channel_close
                0x0000000200000142                rt_channel_send_recv
                0x000000020000017c                rt_channel_send_recv_timeout
                0x00000002000001c0                rt_channel_send
                0x00000002000001f0                rt_channel_reply
                0x0000000200000220                rt_channel_recv
                0x0000000200000252                rt_channel_recv_timeout
                0x0000000200000290                rt_channel_peek
 .text          0x00000002000002c2       0xaa /home/zbtrs/ospp/userapps/sdk/rt-thread/lib/risc-v/rv64gc//librtthread.a(rt_completion.o)
                0x00000002000002c2                rt_completion_init
                0x0000000200000308                rt_completion_wait
                0x0000000200000348                rt_completion_done
 .text          0x000000020000036c      0x188 /home/zbtrs/ospp/userapps/sdk/rt-thread/lib/risc-v/rv64gc//librtthread.a(rt_device.o)
                0x000000020000036c                rt_device_init
                0x0000000200000390                rt_device_register
                0x00000002000003ca                rt_device_control
                0x0000000200000402                rt_device_find
                0x0000000200000426                rt_device_open
                0x0000000200000458                rt_device_close
                0x000000020000047c                rt_device_read
                0x00000002000004b8                rt_device_write
 .text          0x00000002000004f4        0x0 /home/zbtrs/ospp/userapps/sdk/rt-thread/lib/risc-v/rv64gc//librtthread.a(rt_ipc.o)
 .text          0x00000002000004f4      0x5e0 /home/zbtrs/ospp/userapps/sdk/rt-thread/lib/risc-v/rv64gc//librtthread.a(rt_net.o)
                0x00000002000004f4                closesocket
                0x000000020000051e                getaddrinfo
                0x0000000200000598                freeaddrinfo
                0x00000002000005b6                gethostbyname2_r
                0x000000020000067a                socketpair
 .text          0x0000000200000ad4      0xea2 /home/zbtrs/ospp/userapps/sdk/rt-thread/lib/risc-v/rv64gc//librtthread.a(rt_syscall.o)
                0x0000000200000ad4                rt_mutex_create
                0x0000000200000b44                rt_mutex_init
                0x0000000200000ba0                rt_mutex_delete
                0x0000000200000c02                rt_mutex_detach
                0x0000000200000c6c                rt_mutex_take
                0x0000000200000cc2                rt_mutex_release
                0x0000000200000d0c                rt_sem_create
                0x0000000200000d8c                rt_sem_init
                0x0000000200000df8                rt_sem_delete
                0x0000000200000e5a                rt_sem_detach
                0x0000000200000ec4                rt_sem_release
                0x0000000200000f0e                rt_sem_take
                0x0000000200000f64                rt_mb_create
                0x0000000200000fdc                rt_mb_init
                0x0000000200001044                rt_mb_delete
                0x00000002000010a6                rt_mb_detach
                0x0000000200001110                rt_mb_send_wait
                0x0000000200001170                rt_mb_send
                0x00000002000011c4                rt_mb_recv
                0x0000000200001224                rt_mq_create
                0x00000002000012a6                rt_mq_init
                0x000000020000131e                rt_mq_delete
                0x0000000200001382                rt_mq_detach
                0x00000002000013ee                rt_mq_send
                0x000000020000144a                rt_mq_urgent
                0x00000002000014a6                rt_mq_recv
                0x000000020000150c                rt_event_create
                0x000000020000157c                rt_event_init
                0x00000002000015d8                rt_event_delete
                0x000000020000163a                rt_event_detach
                0x00000002000016a4                rt_event_send
                0x00000002000016fa                rt_event_recv
                0x000000020000176c                rt_tick_get
                0x000000020000178a                rt_thread_mdelay
                0x00000002000017b2                lwp_shmget
                0x00000002000017ec                lwp_shmrm
                0x0000000200001816                lwp_shmat
                0x0000000200001846                lwp_shmdt
                0x000000020000186c                exec
                0x00000002000018ac                lwp_kill
                0x00000002000018e2                lwp_tkill
                0x000000020000191a                waitpid
                0x000000020000195a                rt_get_errno
 .text          0x0000000200001976      0x20a /home/zbtrs/ospp/userapps/sdk/rt-thread/lib/risc-v/rv64gc//librtthread.a(rt_thread.o)
                0x0000000200001976                rt_thread_find
                0x00000002000019e0                rt_thread_create
                0x0000000200001aa8                rt_thread_startup
                0x0000000200001acc                rt_thread_self
                0x0000000200001ae8                rt_thread_delete
                0x0000000200001b0c                rt_enter_critical
                0x0000000200001b26                rt_exit_critical
                0x0000000200001b40                cacheflush
 .text          0x0000000200001b80      0xa58 /home/zbtrs/ospp/userapps/sdk/rt-thread/lib/risc-v/rv64gc//librtthread.a(rt_timer.o)
                0x0000000200001d78                rt_timer_init
                0x0000000200001dc4                rt_timer_detach
                0x0000000200001e0c                rt_timer_create
                0x0000000200001e6c                rt_timer_delete
                0x0000000200001ebc                rt_timer_start
                0x000000020000213c                rt_timer_stop
                0x00000002000021ae                rt_timer_control
                0x0000000200002280                rt_soft_timer_check
                0x00000002000024c2                rt_system_timer_init
 .text          0x00000002000025d8      0x57e /home/zbtrs/ospp/userapps/sdk/rt-thread/lib/risc-v/rv64gc//librtthread.a(stub.o)
                0x00000002000025d8                rt_malloc
                0x00000002000025f8                rt_free
                0x0000000200002614                rt_realloc
                0x000000020000263c                rt_calloc
                0x0000000200002664                rt_snprintf
                0x00000002000026c4                rt_sprintf
                0x000000020000271e                rt_vsnprintf
                0x0000000200002756                rt_kprintf
                0x00000002000027cc                rt_strdup
                0x00000002000027ec                rt_strstr
                0x0000000200002814                rt_strcmp
                0x000000020000283c                rt_strlen
                0x000000020000285c                rt_strncmp
                0x000000020000288c                rt_strncpy
                0x00000002000028bc                rt_strcasecmp
                0x00000002000028e6                rt_memset
                0x000000020000291a                rt_memcpy
                0x000000020000294a                rt_memcmp
                0x000000020000297a                rt_memmove
                0x00000002000029aa                rt_tick_from_millisecond
                0x0000000200002a2a                rt_malloc_align
                0x0000000200002af6                rt_free_align
                0x0000000200002b20                rt_assert_handler
 .text          0x0000000200002b56       0x1a /tmp/cc2olldp.o
                0x0000000200002b56                main
 .text          0x0000000200002b70        0x0 /home/zbtrs/ospp/rt-thread/bsp/toolchain/riscv64-linux-musleabi_for_x86_64-pc-linux-gnu/bin/../lib/gcc/riscv64-unknown-linux-musl/10.1.0/../../../../riscv64-unknown-linux-musl/lib/libc.a(__libc_start_main.o)
 .text.dummy    0x0000000200002b70        0x2 /home/zbtrs/ospp/rt-thread/bsp/toolchain/riscv64-linux-musleabi_for_x86_64-pc-linux-gnu/bin/../lib/gcc/riscv64-unknown-linux-musl/10.1.0/../../../../riscv64-unknown-linux-musl/lib/libc.a(__libc_start_main.o)
                0x0000000200002b70                _init
 .text.dummy1   0x0000000200002b72        0x2 /home/zbtrs/ospp/rt-thread/bsp/toolchain/riscv64-linux-musleabi_for_x86_64-pc-linux-gnu/bin/../lib/gcc/riscv64-unknown-linux-musl/10.1.0/../../../../riscv64-unknown-linux-musl/lib/libc.a(__libc_start_main.o)
 .text.__init_libc
                0x0000000200002b74       0xf0 /home/zbtrs/ospp/rt-thread/bsp/toolchain/riscv64-linux-musleabi_for_x86_64-pc-linux-gnu/bin/../lib/gcc/riscv64-unknown-linux-musl/10.1.0/../../../../riscv64-unknown-linux-musl/lib/libc.a(__libc_start_main.o)
                0x0000000200002b74                __init_libc
 .text.libc_start_init
                0x0000000200002c64       0x34 /home/zbtrs/ospp/rt-thread/bsp/toolchain/riscv64-linux-musleabi_for_x86_64-pc-linux-gnu/bin/../lib/gcc/riscv64-unknown-linux-musl/10.1.0/../../../../riscv64-unknown-linux-musl/lib/libc.a(__libc_start_main.o)
                0x0000000200002c64                __libc_start_init
 .text.libc_start_main_stage2
                0x0000000200002c98       0x2a /home/zbtrs/ospp/rt-thread/bsp/toolchain/riscv64-linux-musleabi_for_x86_64-pc-linux-gnu/bin/../lib/gcc/riscv64-unknown-linux-musl/10.1.0/../../../../riscv64-unknown-linux-musl/lib/libc.a(__libc_start_main.o)
 .text.__libc_start_main
                0x0000000200002cc2       0x3a /home/zbtrs/ospp/rt-thread/bsp/toolchain/riscv64-linux-musleabi_for_x86_64-pc-linux-gnu/bin/../lib/gcc/riscv64-unknown-linux-musl/10.1.0/../../../../riscv64-unknown-linux-musl/lib/libc.a(__libc_start_main.o)
                0x0000000200002cc2                __libc_start_main
 .text          0x0000000200002cfc        0x0 /home/zbtrs/ospp/rt-thread/bsp/toolchain/riscv64-linux-musleabi_for_x86_64-pc-linux-gnu/bin/../lib/gcc/riscv64-unknown-linux-musl/10.1.0/../../../../riscv64-unknown-linux-musl/lib/libc.a(__errno_location.o)
 .text.__errno_location
                0x0000000200002cfc        0x8 /home/zbtrs/ospp/rt-thread/bsp/toolchain/riscv64-linux-musleabi_for_x86_64-pc-linux-gnu/bin/../lib/gcc/riscv64-unknown-linux-musl/10.1.0/../../../../riscv64-unknown-linux-musl/lib/libc.a(__errno_location.o)
                0x0000000200002cfc                ___errno_location
                0x0000000200002cfc                __errno_location
 .text          0x0000000200002d04        0x0 /home/zbtrs/ospp/rt-thread/bsp/toolchain/riscv64-linux-musleabi_for_x86_64-pc-linux-gnu/bin/../lib/gcc/riscv64-unknown-linux-musl/10.1.0/../../../../riscv64-unknown-linux-musl/lib/libc.a(strerror.o)
 .text.__strerror_l
                0x0000000200002d04       0x54 /home/zbtrs/ospp/rt-thread/bsp/toolchain/riscv64-linux-musleabi_for_x86_64-pc-linux-gnu/bin/../lib/gcc/riscv64-unknown-linux-musl/10.1.0/../../../../riscv64-unknown-linux-musl/lib/libc.a(strerror.o)
                0x0000000200002d04                strerror_l
                0x0000000200002d04                __strerror_l
 .text.strerror
                0x0000000200002d58        0x8 /home/zbtrs/ospp/rt-thread/bsp/toolchain/riscv64-linux-musleabi_for_x86_64-pc-linux-gnu/bin/../lib/gcc/riscv64-unknown-linux-musl/10.1.0/../../../../riscv64-unknown-linux-musl/lib/libc.a(strerror.o)
                0x0000000200002d58                strerror
 .text          0x0000000200002d60        0x0 /home/zbtrs/ospp/rt-thread/bsp/toolchain/riscv64-linux-musleabi_for_x86_64-pc-linux-gnu/bin/../lib/gcc/riscv64-unknown-linux-musl/10.1.0/../../../../riscv64-unknown-linux-musl/lib/libc.a(exit.o)
 .text.dummy    0x0000000200002d60        0x2 /home/zbtrs/ospp/rt-thread/bsp/toolchain/riscv64-linux-musleabi_for_x86_64-pc-linux-gnu/bin/../lib/gcc/riscv64-unknown-linux-musl/10.1.0/../../../../riscv64-unknown-linux-musl/lib/libc.a(exit.o)
                0x0000000200002d60                __funcs_on_exit
                0x0000000200002d60                _fini
 .text.libc_exit_fini
                0x0000000200002d62       0x32 /home/zbtrs/ospp/rt-thread/bsp/toolchain/riscv64-linux-musleabi_for_x86_64-pc-linux-gnu/bin/../lib/gcc/riscv64-unknown-linux-musl/10.1.0/../../../../riscv64-unknown-linux-musl/lib/libc.a(exit.o)
                0x0000000200002d62                __libc_exit_fini
 .text.exit     0x0000000200002d94       0x1a /home/zbtrs/ospp/rt-thread/bsp/toolchain/riscv64-linux-musleabi_for_x86_64-pc-linux-gnu/bin/../lib/gcc/riscv64-unknown-linux-musl/10.1.0/../../../../riscv64-unknown-linux-musl/lib/libc.a(exit.o)
                0x0000000200002d94                exit
 .text          0x0000000200002dae        0x0 /home/zbtrs/ospp/rt-thread/bsp/toolchain/riscv64-linux-musleabi_for_x86_64-pc-linux-gnu/bin/../lib/gcc/riscv64-unknown-linux-musl/10.1.0/../../../../riscv64-unknown-linux-musl/lib/libc.a(fcntl.o)
 .text.fcntl    0x0000000200002dae      0x186 /home/zbtrs/ospp/rt-thread/bsp/toolchain/riscv64-linux-musleabi_for_x86_64-pc-linux-gnu/bin/../lib/gcc/riscv64-unknown-linux-musl/10.1.0/../../../../riscv64-unknown-linux-musl/lib/libc.a(fcntl.o)
                0x0000000200002dae                fcntl
 .text          0x0000000200002f34        0x0 /home/zbtrs/ospp/rt-thread/bsp/toolchain/riscv64-linux-musleabi_for_x86_64-pc-linux-gnu/bin/../lib/gcc/riscv64-unknown-linux-musl/10.1.0/../../../../riscv64-unknown-linux-musl/lib/libc.a(libc.o)
 *fill*         0x0000000200002f34        0x4 
 .text          0x0000000200002f38       0x1e /home/zbtrs/ospp/rt-thread/bsp/toolchain/riscv64-linux-musleabi_for_x86_64-pc-linux-gnu/bin/../lib/gcc/riscv64-unknown-linux-musl/10.1.0/../../../../riscv64-unknown-linux-musl/lib/libc.a(syscall.o)
                0x0000000200002f38                __syscall
                0x0000000200002f3c                syscall
 .text          0x0000000200002f56        0x0 /home/zbtrs/ospp/rt-thread/bsp/toolchain/riscv64-linux-musleabi_for_x86_64-pc-linux-gnu/bin/../lib/gcc/riscv64-unknown-linux-musl/10.1.0/../../../../riscv64-unknown-linux-musl/lib/libc.a(syscall.o)
 .text.syscall_set_thread_area
                0x0000000200002f56        0x8 /home/zbtrs/ospp/rt-thread/bsp/toolchain/riscv64-linux-musleabi_for_x86_64-pc-linux-gnu/bin/../lib/gcc/riscv64-unknown-linux-musl/10.1.0/../../../../riscv64-unknown-linux-musl/lib/libc.a(syscall.o)
 .text.syscall_mq_close
                0x0000000200002f5e        0x8 /home/zbtrs/ospp/rt-thread/bsp/toolchain/riscv64-linux-musleabi_for_x86_64-pc-linux-gnu/bin/../lib/gcc/riscv64-unknown-linux-musl/10.1.0/../../../../riscv64-unknown-linux-musl/lib/libc.a(syscall.o)
 .text.syscall_shmdt
                0x0000000200002f66        0x8 /home/zbtrs/ospp/rt-thread/bsp/toolchain/riscv64-linux-musleabi_for_x86_64-pc-linux-gnu/bin/../lib/gcc/riscv64-unknown-linux-musl/10.1.0/../../../../riscv64-unknown-linux-musl/lib/libc.a(syscall.o)
 .text.syscall_mq_unlink
                0x0000000200002f6e        0x8 /home/zbtrs/ospp/rt-thread/bsp/toolchain/riscv64-linux-musleabi_for_x86_64-pc-linux-gnu/bin/../lib/gcc/riscv64-unknown-linux-musl/10.1.0/../../../../riscv64-unknown-linux-musl/lib/libc.a(syscall.o)
 .text.syscall_timer_delete
                0x0000000200002f76        0x8 /home/zbtrs/ospp/rt-thread/bsp/toolchain/riscv64-linux-musleabi_for_x86_64-pc-linux-gnu/bin/../lib/gcc/riscv64-unknown-linux-musl/10.1.0/../../../../riscv64-unknown-linux-musl/lib/libc.a(syscall.o)
 .text.syscall_timer_getoverrun
                0x0000000200002f7e        0x8 /home/zbtrs/ospp/rt-thread/bsp/toolchain/riscv64-linux-musleabi_for_x86_64-pc-linux-gnu/bin/../lib/gcc/riscv64-unknown-linux-musl/10.1.0/../../../../riscv64-unknown-linux-musl/lib/libc.a(syscall.o)
 .text.syscall_set_tid_address
                0x0000000200002f86        0x8 /home/zbtrs/ospp/rt-thread/bsp/toolchain/riscv64-linux-musleabi_for_x86_64-pc-linux-gnu/bin/../lib/gcc/riscv64-unknown-linux-musl/10.1.0/../../../../riscv64-unknown-linux-musl/lib/libc.a(syscall.o)
 .text.syscall_exit_group
                0x0000000200002f8e        0x8 /home/zbtrs/ospp/rt-thread/bsp/toolchain/riscv64-linux-musleabi_for_x86_64-pc-linux-gnu/bin/../lib/gcc/riscv64-unknown-linux-musl/10.1.0/../../../../riscv64-unknown-linux-musl/lib/libc.a(syscall.o)
 .text.syscall_sched_get_priority_min
                0x0000000200002f96        0x8 /home/zbtrs/ospp/rt-thread/bsp/toolchain/riscv64-linux-musleabi_for_x86_64-pc-linux-gnu/bin/../lib/gcc/riscv64-unknown-linux-musl/10.1.0/../../../../riscv64-unknown-linux-musl/lib/libc.a(syscall.o)
 .text.syscall_sched_get_priority_max
                0x0000000200002f9e        0x8 /home/zbtrs/ospp/rt-thread/bsp/toolchain/riscv64-linux-musleabi_for_x86_64-pc-linux-gnu/bin/../lib/gcc/riscv64-unknown-linux-musl/10.1.0/../../../../riscv64-unknown-linux-musl/lib/libc.a(syscall.o)
 .text.syscall_uname
                0x0000000200002fa6        0x8 /home/zbtrs/ospp/rt-thread/bsp/toolchain/riscv64-linux-musleabi_for_x86_64-pc-linux-gnu/bin/../lib/gcc/riscv64-unknown-linux-musl/10.1.0/../../../../riscv64-unknown-linux-musl/lib/libc.a(syscall.o)
 .text.syscall_fsync
                0x0000000200002fae        0x8 /home/zbtrs/ospp/rt-thread/bsp/toolchain/riscv64-linux-musleabi_for_x86_64-pc-linux-gnu/bin/../lib/gcc/riscv64-unknown-linux-musl/10.1.0/../../../../riscv64-unknown-linux-musl/lib/libc.a(syscall.o)
 .text.syscall_sysinfo
                0x0000000200002fb6        0x8 /home/zbtrs/ospp/rt-thread/bsp/toolchain/riscv64-linux-musleabi_for_x86_64-pc-linux-gnu/bin/../lib/gcc/riscv64-unknown-linux-musl/10.1.0/../../../../riscv64-unknown-linux-musl/lib/libc.a(syscall.o)
 .text.syscall_reboot
                0x0000000200002fbe        0x8 /home/zbtrs/ospp/rt-thread/bsp/toolchain/riscv64-linux-musleabi_for_x86_64-pc-linux-gnu/bin/../lib/gcc/riscv64-unknown-linux-musl/10.1.0/../../../../riscv64-unknown-linux-musl/lib/libc.a(syscall.o)
 .text.syscall_brk
                0x0000000200002fc6        0x8 /home/zbtrs/ospp/rt-thread/bsp/toolchain/riscv64-linux-musleabi_for_x86_64-pc-linux-gnu/bin/../lib/gcc/riscv64-unknown-linux-musl/10.1.0/../../../../riscv64-unknown-linux-musl/lib/libc.a(syscall.o)
 .text.syscall_pipe
                0x0000000200002fce        0x8 /home/zbtrs/ospp/rt-thread/bsp/toolchain/riscv64-linux-musleabi_for_x86_64-pc-linux-gnu/bin/../lib/gcc/riscv64-unknown-linux-musl/10.1.0/../../../../riscv64-unknown-linux-musl/lib/libc.a(syscall.o)
 .text.syscall_dup
                0x0000000200002fd6        0x8 /home/zbtrs/ospp/rt-thread/bsp/toolchain/riscv64-linux-musleabi_for_x86_64-pc-linux-gnu/bin/../lib/gcc/riscv64-unknown-linux-musl/10.1.0/../../../../riscv64-unknown-linux-musl/lib/libc.a(syscall.o)
 .text.syscall_rmdir
                0x0000000200002fde        0x8 /home/zbtrs/ospp/rt-thread/bsp/toolchain/riscv64-linux-musleabi_for_x86_64-pc-linux-gnu/bin/../lib/gcc/riscv64-unknown-linux-musl/10.1.0/../../../../riscv64-unknown-linux-musl/lib/libc.a(syscall.o)
 .text.syscall_chdir
                0x0000000200002fe6        0x8 /home/zbtrs/ospp/rt-thread/bsp/toolchain/riscv64-linux-musleabi_for_x86_64-pc-linux-gnu/bin/../lib/gcc/riscv64-unknown-linux-musl/10.1.0/../../../../riscv64-unknown-linux-musl/lib/libc.a(syscall.o)
 .text.syscall_unlink
                0x0000000200002fee        0x8 /home/zbtrs/ospp/rt-thread/bsp/toolchain/riscv64-linux-musleabi_for_x86_64-pc-linux-gnu/bin/../lib/gcc/riscv64-unknown-linux-musl/10.1.0/../../../../riscv64-unknown-linux-musl/lib/libc.a(syscall.o)
 .text.syscall_close
                0x0000000200002ff6        0x6 /home/zbtrs/ospp/rt-thread/bsp/toolchain/riscv64-linux-musleabi_for_x86_64-pc-linux-gnu/bin/../lib/gcc/riscv64-unknown-linux-musl/10.1.0/../../../../riscv64-unknown-linux-musl/lib/libc.a(syscall.o)
 .text.syscall_exit
                0x0000000200002ffc        0x6 /home/zbtrs/ospp/rt-thread/bsp/toolchain/riscv64-linux-musleabi_for_x86_64-pc-linux-gnu/bin/../lib/gcc/riscv64-unknown-linux-musl/10.1.0/../../../../riscv64-unknown-linux-musl/lib/libc.a(syscall.o)
 .text.syscall_timerfd_create
                0x0000000200003002       0x30 /home/zbtrs/ospp/rt-thread/bsp/toolchain/riscv64-linux-musleabi_for_x86_64-pc-linux-gnu/bin/../lib/gcc/riscv64-unknown-linux-musl/10.1.0/../../../../riscv64-unknown-linux-musl/lib/libc.a(syscall.o)
 .text.syscall_listen
                0x0000000200003032        0xa /home/zbtrs/ospp/rt-thread/bsp/toolchain/riscv64-linux-musleabi_for_x86_64-pc-linux-gnu/bin/../lib/gcc/riscv64-unknown-linux-musl/10.1.0/../../../../riscv64-unknown-linux-musl/lib/libc.a(syscall.o)
 .text.syscall_mq_notify
                0x000000020000303c        0xa /home/zbtrs/ospp/rt-thread/bsp/toolchain/riscv64-linux-musleabi_for_x86_64-pc-linux-gnu/bin/../lib/gcc/riscv64-unknown-linux-musl/10.1.0/../../../../riscv64-unknown-linux-musl/lib/libc.a(syscall.o)
 .text.syscall_clock_getres
                0x0000000200003046        0xa /home/zbtrs/ospp/rt-thread/bsp/toolchain/riscv64-linux-musleabi_for_x86_64-pc-linux-gnu/bin/../lib/gcc/riscv64-unknown-linux-musl/10.1.0/../../../../riscv64-unknown-linux-musl/lib/libc.a(syscall.o)
 .text.syscall_clock_gettime
                0x0000000200003050        0xa /home/zbtrs/ospp/rt-thread/bsp/toolchain/riscv64-linux-musleabi_for_x86_64-pc-linux-gnu/bin/../lib/gcc/riscv64-unknown-linux-musl/10.1.0/../../../../riscv64-unknown-linux-musl/lib/libc.a(syscall.o)
 .text.syscall_clock_settime
                0x000000020000305a        0xa /home/zbtrs/ospp/rt-thread/bsp/toolchain/riscv64-linux-musleabi_for_x86_64-pc-linux-gnu/bin/../lib/gcc/riscv64-unknown-linux-musl/10.1.0/../../../../riscv64-unknown-linux-musl/lib/libc.a(syscall.o)
 .text.syscall_timer_gettime
                0x0000000200003064        0xa /home/zbtrs/ospp/rt-thread/bsp/toolchain/riscv64-linux-musleabi_for_x86_64-pc-linux-gnu/bin/../lib/gcc/riscv64-unknown-linux-musl/10.1.0/../../../../riscv64-unknown-linux-musl/lib/libc.a(syscall.o)
 .text.syscall_tkill
                0x000000020000306e       0x18 /home/zbtrs/ospp/rt-thread/bsp/toolchain/riscv64-linux-musleabi_for_x86_64-pc-linux-gnu/bin/../lib/gcc/riscv64-unknown-linux-musl/10.1.0/../../../../riscv64-unknown-linux-musl/lib/libc.a(syscall.o)
 .text.syscall_fstat64
                0x0000000200003086        0x8 /home/zbtrs/ospp/rt-thread/bsp/toolchain/riscv64-linux-musleabi_for_x86_64-pc-linux-gnu/bin/../lib/gcc/riscv64-unknown-linux-musl/10.1.0/../../../../riscv64-unknown-linux-musl/lib/libc.a(syscall.o)
 .text.syscall_ugetrlimit
                0x000000020000308e        0xe /home/zbtrs/ospp/rt-thread/bsp/toolchain/riscv64-linux-musleabi_for_x86_64-pc-linux-gnu/bin/../lib/gcc/riscv64-unknown-linux-musl/10.1.0/../../../../riscv64-unknown-linux-musl/lib/libc.a(syscall.o)
 .text.syscall_getcwd
                0x000000020000309c        0xa /home/zbtrs/ospp/rt-thread/bsp/toolchain/riscv64-linux-musleabi_for_x86_64-pc-linux-gnu/bin/../lib/gcc/riscv64-unknown-linux-musl/10.1.0/../../../../riscv64-unknown-linux-musl/lib/libc.a(syscall.o)
 .text.syscall_nanosleep
                0x00000002000030a6        0x8 /home/zbtrs/ospp/rt-thread/bsp/toolchain/riscv64-linux-musleabi_for_x86_64-pc-linux-gnu/bin/../lib/gcc/riscv64-unknown-linux-musl/10.1.0/../../../../riscv64-unknown-linux-musl/lib/libc.a(syscall.o)
 .text.syscall_sched_getparam
                0x00000002000030ae        0xa /home/zbtrs/ospp/rt-thread/bsp/toolchain/riscv64-linux-musleabi_for_x86_64-pc-linux-gnu/bin/../lib/gcc/riscv64-unknown-linux-musl/10.1.0/../../../../riscv64-unknown-linux-musl/lib/libc.a(syscall.o)
 .text.syscall_sched_setparam
                0x00000002000030b8        0xa /home/zbtrs/ospp/rt-thread/bsp/toolchain/riscv64-linux-musleabi_for_x86_64-pc-linux-gnu/bin/../lib/gcc/riscv64-unknown-linux-musl/10.1.0/../../../../riscv64-unknown-linux-musl/lib/libc.a(syscall.o)
 .text.syscall_lstat
                0x00000002000030c2        0xa /home/zbtrs/ospp/rt-thread/bsp/toolchain/riscv64-linux-musleabi_for_x86_64-pc-linux-gnu/bin/../lib/gcc/riscv64-unknown-linux-musl/10.1.0/../../../../riscv64-unknown-linux-musl/lib/libc.a(syscall.o)
 .text.syscall_stat
                0x00000002000030cc        0xa /home/zbtrs/ospp/rt-thread/bsp/toolchain/riscv64-linux-musleabi_for_x86_64-pc-linux-gnu/bin/../lib/gcc/riscv64-unknown-linux-musl/10.1.0/../../../../riscv64-unknown-linux-musl/lib/libc.a(syscall.o)
 .text.syscall_fstatfs
                0x00000002000030d6        0xa /home/zbtrs/ospp/rt-thread/bsp/toolchain/riscv64-linux-musleabi_for_x86_64-pc-linux-gnu/bin/../lib/gcc/riscv64-unknown-linux-musl/10.1.0/../../../../riscv64-unknown-linux-musl/lib/libc.a(syscall.o)
 .text.syscall_statfs
                0x00000002000030e0        0xa /home/zbtrs/ospp/rt-thread/bsp/toolchain/riscv64-linux-musleabi_for_x86_64-pc-linux-gnu/bin/../lib/gcc/riscv64-unknown-linux-musl/10.1.0/../../../../riscv64-unknown-linux-musl/lib/libc.a(syscall.o)
 .text.syscall_munmap
                0x00000002000030ea        0xa /home/zbtrs/ospp/rt-thread/bsp/toolchain/riscv64-linux-musleabi_for_x86_64-pc-linux-gnu/bin/../lib/gcc/riscv64-unknown-linux-musl/10.1.0/../../../../riscv64-unknown-linux-musl/lib/libc.a(syscall.o)
 .text.syscall_symlink
                0x00000002000030f4        0xa /home/zbtrs/ospp/rt-thread/bsp/toolchain/riscv64-linux-musleabi_for_x86_64-pc-linux-gnu/bin/../lib/gcc/riscv64-unknown-linux-musl/10.1.0/../../../../riscv64-unknown-linux-musl/lib/libc.a(syscall.o)
 .text.syscall_setrlimit
                0x00000002000030fe        0xa /home/zbtrs/ospp/rt-thread/bsp/toolchain/riscv64-linux-musleabi_for_x86_64-pc-linux-gnu/bin/../lib/gcc/riscv64-unknown-linux-musl/10.1.0/../../../../riscv64-unknown-linux-musl/lib/libc.a(syscall.o)
 .text.syscall_dup2
                0x0000000200003108        0xa /home/zbtrs/ospp/rt-thread/bsp/toolchain/riscv64-linux-musleabi_for_x86_64-pc-linux-gnu/bin/../lib/gcc/riscv64-unknown-linux-musl/10.1.0/../../../../riscv64-unknown-linux-musl/lib/libc.a(syscall.o)
 .text.syscall_umount2
                0x0000000200003112        0xa /home/zbtrs/ospp/rt-thread/bsp/toolchain/riscv64-linux-musleabi_for_x86_64-pc-linux-gnu/bin/../lib/gcc/riscv64-unknown-linux-musl/10.1.0/../../../../riscv64-unknown-linux-musl/lib/libc.a(syscall.o)
 .text.syscall_mkdir
                0x000000020000311c        0xe /home/zbtrs/ospp/rt-thread/bsp/toolchain/riscv64-linux-musleabi_for_x86_64-pc-linux-gnu/bin/../lib/gcc/riscv64-unknown-linux-musl/10.1.0/../../../../riscv64-unknown-linux-musl/lib/libc.a(syscall.o)
 .text.syscall_rename
                0x000000020000312a        0xa /home/zbtrs/ospp/rt-thread/bsp/toolchain/riscv64-linux-musleabi_for_x86_64-pc-linux-gnu/bin/../lib/gcc/riscv64-unknown-linux-musl/10.1.0/../../../../riscv64-unknown-linux-musl/lib/libc.a(syscall.o)
 .text.syscall_kill
                0x0000000200003134        0x8 /home/zbtrs/ospp/rt-thread/bsp/toolchain/riscv64-linux-musleabi_for_x86_64-pc-linux-gnu/bin/../lib/gcc/riscv64-unknown-linux-musl/10.1.0/../../../../riscv64-unknown-linux-musl/lib/libc.a(syscall.o)
 .text.syscall_access
                0x000000020000313c        0xa /home/zbtrs/ospp/rt-thread/bsp/toolchain/riscv64-linux-musleabi_for_x86_64-pc-linux-gnu/bin/../lib/gcc/riscv64-unknown-linux-musl/10.1.0/../../../../riscv64-unknown-linux-musl/lib/libc.a(syscall.o)
 .text.syscall_chmod
                0x0000000200003146        0xe /home/zbtrs/ospp/rt-thread/bsp/toolchain/riscv64-linux-musleabi_for_x86_64-pc-linux-gnu/bin/../lib/gcc/riscv64-unknown-linux-musl/10.1.0/../../../../riscv64-unknown-linux-musl/lib/libc.a(syscall.o)
 .text.syscall_link
                0x0000000200003154        0xa /home/zbtrs/ospp/rt-thread/bsp/toolchain/riscv64-linux-musleabi_for_x86_64-pc-linux-gnu/bin/../lib/gcc/riscv64-unknown-linux-musl/10.1.0/../../../../riscv64-unknown-linux-musl/lib/libc.a(syscall.o)
 .text.syscall_getrandom
                0x000000020000315e       0x10 /home/zbtrs/ospp/rt-thread/bsp/toolchain/riscv64-linux-musleabi_for_x86_64-pc-linux-gnu/bin/../lib/gcc/riscv64-unknown-linux-musl/10.1.0/../../../../riscv64-unknown-linux-musl/lib/libc.a(syscall.o)
 .text.syscall_shmctl
                0x000000020000316e        0xc /home/zbtrs/ospp/rt-thread/bsp/toolchain/riscv64-linux-musleabi_for_x86_64-pc-linux-gnu/bin/../lib/gcc/riscv64-unknown-linux-musl/10.1.0/../../../../riscv64-unknown-linux-musl/lib/libc.a(syscall.o)
 .text.syscall_shmget
                0x000000020000317a        0xc /home/zbtrs/ospp/rt-thread/bsp/toolchain/riscv64-linux-musleabi_for_x86_64-pc-linux-gnu/bin/../lib/gcc/riscv64-unknown-linux-musl/10.1.0/../../../../riscv64-unknown-linux-musl/lib/libc.a(syscall.o)
 .text.syscall_shmat
                0x0000000200003186        0xc /home/zbtrs/ospp/rt-thread/bsp/toolchain/riscv64-linux-musleabi_for_x86_64-pc-linux-gnu/bin/../lib/gcc/riscv64-unknown-linux-musl/10.1.0/../../../../riscv64-unknown-linux-musl/lib/libc.a(syscall.o)
 .text.syscall_recvmsg
                0x0000000200003192        0xc /home/zbtrs/ospp/rt-thread/bsp/toolchain/riscv64-linux-musleabi_for_x86_64-pc-linux-gnu/bin/../lib/gcc/riscv64-unknown-linux-musl/10.1.0/../../../../riscv64-unknown-linux-musl/lib/libc.a(syscall.o)
 .text.syscall_sendmsg
                0x000000020000319e        0xc /home/zbtrs/ospp/rt-thread/bsp/toolchain/riscv64-linux-musleabi_for_x86_64-pc-linux-gnu/bin/../lib/gcc/riscv64-unknown-linux-musl/10.1.0/../../../../riscv64-unknown-linux-musl/lib/libc.a(syscall.o)
 .text.syscall_getpeername
                0x00000002000031aa        0xc /home/zbtrs/ospp/rt-thread/bsp/toolchain/riscv64-linux-musleabi_for_x86_64-pc-linux-gnu/bin/../lib/gcc/riscv64-unknown-linux-musl/10.1.0/../../../../riscv64-unknown-linux-musl/lib/libc.a(syscall.o)
 .text.syscall_getsockname
                0x00000002000031b6        0xc /home/zbtrs/ospp/rt-thread/bsp/toolchain/riscv64-linux-musleabi_for_x86_64-pc-linux-gnu/bin/../lib/gcc/riscv64-unknown-linux-musl/10.1.0/../../../../riscv64-unknown-linux-musl/lib/libc.a(syscall.o)
 .text.syscall_accept
                0x00000002000031c2        0xc /home/zbtrs/ospp/rt-thread/bsp/toolchain/riscv64-linux-musleabi_for_x86_64-pc-linux-gnu/bin/../lib/gcc/riscv64-unknown-linux-musl/10.1.0/../../../../riscv64-unknown-linux-musl/lib/libc.a(syscall.o)
 .text.syscall_connect
                0x00000002000031ce       0x12 /home/zbtrs/ospp/rt-thread/bsp/toolchain/riscv64-linux-musleabi_for_x86_64-pc-linux-gnu/bin/../lib/gcc/riscv64-unknown-linux-musl/10.1.0/../../../../riscv64-unknown-linux-musl/lib/libc.a(syscall.o)
 .text.syscall_bind
                0x00000002000031e0       0x12 /home/zbtrs/ospp/rt-thread/bsp/toolchain/riscv64-linux-musleabi_for_x86_64-pc-linux-gnu/bin/../lib/gcc/riscv64-unknown-linux-musl/10.1.0/../../../../riscv64-unknown-linux-musl/lib/libc.a(syscall.o)
 .text.syscall_socket
                0x00000002000031f2        0xe /home/zbtrs/ospp/rt-thread/bsp/toolchain/riscv64-linux-musleabi_for_x86_64-pc-linux-gnu/bin/../lib/gcc/riscv64-unknown-linux-musl/10.1.0/../../../../riscv64-unknown-linux-musl/lib/libc.a(syscall.o)
 .text.syscall_mq_getsetattr
                0x0000000200003200        0xe /home/zbtrs/ospp/rt-thread/bsp/toolchain/riscv64-linux-musleabi_for_x86_64-pc-linux-gnu/bin/../lib/gcc/riscv64-unknown-linux-musl/10.1.0/../../../../riscv64-unknown-linux-musl/lib/libc.a(syscall.o)
 .text.syscall_fstatfs64
                0x000000020000320e        0xe /home/zbtrs/ospp/rt-thread/bsp/toolchain/riscv64-linux-musleabi_for_x86_64-pc-linux-gnu/bin/../lib/gcc/riscv64-unknown-linux-musl/10.1.0/../../../../riscv64-unknown-linux-musl/lib/libc.a(syscall.o)
 .text.syscall_statfs64
                0x000000020000321c        0xe /home/zbtrs/ospp/rt-thread/bsp/toolchain/riscv64-linux-musleabi_for_x86_64-pc-linux-gnu/bin/../lib/gcc/riscv64-unknown-linux-musl/10.1.0/../../../../riscv64-unknown-linux-musl/lib/libc.a(syscall.o)
 .text.syscall_timer_create
                0x000000020000322a        0xe /home/zbtrs/ospp/rt-thread/bsp/toolchain/riscv64-linux-musleabi_for_x86_64-pc-linux-gnu/bin/../lib/gcc/riscv64-unknown-linux-musl/10.1.0/../../../../riscv64-unknown-linux-musl/lib/libc.a(syscall.o)
 .text.syscall_sched_getaffinity
                0x0000000200003238       0x1a /home/zbtrs/ospp/rt-thread/bsp/toolchain/riscv64-linux-musleabi_for_x86_64-pc-linux-gnu/bin/../lib/gcc/riscv64-unknown-linux-musl/10.1.0/../../../../riscv64-unknown-linux-musl/lib/libc.a(syscall.o)
 .text.syscall_sched_setaffinity
                0x0000000200003252       0x1a /home/zbtrs/ospp/rt-thread/bsp/toolchain/riscv64-linux-musleabi_for_x86_64-pc-linux-gnu/bin/../lib/gcc/riscv64-unknown-linux-musl/10.1.0/../../../../riscv64-unknown-linux-musl/lib/libc.a(syscall.o)
 .text.syscall_madvise
                0x000000020000326c        0xe /home/zbtrs/ospp/rt-thread/bsp/toolchain/riscv64-linux-musleabi_for_x86_64-pc-linux-gnu/bin/../lib/gcc/riscv64-unknown-linux-musl/10.1.0/../../../../riscv64-unknown-linux-musl/lib/libc.a(syscall.o)
 .text.syscall_poll
                0x000000020000327a        0xc /home/zbtrs/ospp/rt-thread/bsp/toolchain/riscv64-linux-musleabi_for_x86_64-pc-linux-gnu/bin/../lib/gcc/riscv64-unknown-linux-musl/10.1.0/../../../../riscv64-unknown-linux-musl/lib/libc.a(syscall.o)
 .text.syscall_sched_getscheduler
                0x0000000200003286        0xe /home/zbtrs/ospp/rt-thread/bsp/toolchain/riscv64-linux-musleabi_for_x86_64-pc-linux-gnu/bin/../lib/gcc/riscv64-unknown-linux-musl/10.1.0/../../../../riscv64-unknown-linux-musl/lib/libc.a(syscall.o)
 .text.syscall_sched_setscheduler
                0x0000000200003294        0xe /home/zbtrs/ospp/rt-thread/bsp/toolchain/riscv64-linux-musleabi_for_x86_64-pc-linux-gnu/bin/../lib/gcc/riscv64-unknown-linux-musl/10.1.0/../../../../riscv64-unknown-linux-musl/lib/libc.a(syscall.o)
 .text.syscall_writev
                0x00000002000032a2       0x64 /home/zbtrs/ospp/rt-thread/bsp/toolchain/riscv64-linux-musleabi_for_x86_64-pc-linux-gnu/bin/../lib/gcc/riscv64-unknown-linux-musl/10.1.0/../../../../riscv64-unknown-linux-musl/lib/libc.a(syscall.o)
 .text.syscall_readv
                0x0000000200003306       0x5e /home/zbtrs/ospp/rt-thread/bsp/toolchain/riscv64-linux-musleabi_for_x86_64-pc-linux-gnu/bin/../lib/gcc/riscv64-unknown-linux-musl/10.1.0/../../../../riscv64-unknown-linux-musl/lib/libc.a(syscall.o)
 .text.syscall_getdents
                0x0000000200003364        0xe /home/zbtrs/ospp/rt-thread/bsp/toolchain/riscv64-linux-musleabi_for_x86_64-pc-linux-gnu/bin/../lib/gcc/riscv64-unknown-linux-musl/10.1.0/../../../../riscv64-unknown-linux-musl/lib/libc.a(syscall.o)
 .text.syscall__llseek
                0x0000000200003372       0x2a /home/zbtrs/ospp/rt-thread/bsp/toolchain/riscv64-linux-musleabi_for_x86_64-pc-linux-gnu/bin/../lib/gcc/riscv64-unknown-linux-musl/10.1.0/../../../../riscv64-unknown-linux-musl/lib/libc.a(syscall.o)
 .text.syscall_readlink
                0x000000020000339c        0xe /home/zbtrs/ospp/rt-thread/bsp/toolchain/riscv64-linux-musleabi_for_x86_64-pc-linux-gnu/bin/../lib/gcc/riscv64-unknown-linux-musl/10.1.0/../../../../riscv64-unknown-linux-musl/lib/libc.a(syscall.o)
 .text.syscall_fcntl
                0x00000002000033aa        0xc /home/zbtrs/ospp/rt-thread/bsp/toolchain/riscv64-linux-musleabi_for_x86_64-pc-linux-gnu/bin/../lib/gcc/riscv64-unknown-linux-musl/10.1.0/../../../../riscv64-unknown-linux-musl/lib/libc.a(syscall.o)
 .text.syscall_execve
                0x00000002000033b6        0xe /home/zbtrs/ospp/rt-thread/bsp/toolchain/riscv64-linux-musleabi_for_x86_64-pc-linux-gnu/bin/../lib/gcc/riscv64-unknown-linux-musl/10.1.0/../../../../riscv64-unknown-linux-musl/lib/libc.a(syscall.o)
 .text.syscall_open
                0x00000002000033c4       0x10 /home/zbtrs/ospp/rt-thread/bsp/toolchain/riscv64-linux-musleabi_for_x86_64-pc-linux-gnu/bin/../lib/gcc/riscv64-unknown-linux-musl/10.1.0/../../../../riscv64-unknown-linux-musl/lib/libc.a(syscall.o)
 .text.syscall_write
                0x00000002000033d4        0xc /home/zbtrs/ospp/rt-thread/bsp/toolchain/riscv64-linux-musleabi_for_x86_64-pc-linux-gnu/bin/../lib/gcc/riscv64-unknown-linux-musl/10.1.0/../../../../riscv64-unknown-linux-musl/lib/libc.a(syscall.o)
 .text.syscall_read
                0x00000002000033e0        0xc /home/zbtrs/ospp/rt-thread/bsp/toolchain/riscv64-linux-musleabi_for_x86_64-pc-linux-gnu/bin/../lib/gcc/riscv64-unknown-linux-musl/10.1.0/../../../../riscv64-unknown-linux-musl/lib/libc.a(syscall.o)
 .text.syscall_prlimit64
                0x00000002000033ec       0x14 /home/zbtrs/ospp/rt-thread/bsp/toolchain/riscv64-linux-musleabi_for_x86_64-pc-linux-gnu/bin/../lib/gcc/riscv64-unknown-linux-musl/10.1.0/../../../../riscv64-unknown-linux-musl/lib/libc.a(syscall.o)
 .text.syscall_openat
                0x0000000200003400       0x14 /home/zbtrs/ospp/rt-thread/bsp/toolchain/riscv64-linux-musleabi_for_x86_64-pc-linux-gnu/bin/../lib/gcc/riscv64-unknown-linux-musl/10.1.0/../../../../riscv64-unknown-linux-musl/lib/libc.a(syscall.o)
 .text.syscall_recv
                0x0000000200003414       0x10 /home/zbtrs/ospp/rt-thread/bsp/toolchain/riscv64-linux-musleabi_for_x86_64-pc-linux-gnu/bin/../lib/gcc/riscv64-unknown-linux-musl/10.1.0/../../../../riscv64-unknown-linux-musl/lib/libc.a(syscall.o)
 .text.syscall_send
                0x0000000200003424       0x10 /home/zbtrs/ospp/rt-thread/bsp/toolchain/riscv64-linux-musleabi_for_x86_64-pc-linux-gnu/bin/../lib/gcc/riscv64-unknown-linux-musl/10.1.0/../../../../riscv64-unknown-linux-musl/lib/libc.a(syscall.o)
 .text.syscall_mq_open
                0x0000000200003434       0x14 /home/zbtrs/ospp/rt-thread/bsp/toolchain/riscv64-linux-musleabi_for_x86_64-pc-linux-gnu/bin/../lib/gcc/riscv64-unknown-linux-musl/10.1.0/../../../../riscv64-unknown-linux-musl/lib/libc.a(syscall.o)
 .text.syscall_clock_nanosleep
                0x0000000200003448       0x10 /home/zbtrs/ospp/rt-thread/bsp/toolchain/riscv64-linux-musleabi_for_x86_64-pc-linux-gnu/bin/../lib/gcc/riscv64-unknown-linux-musl/10.1.0/../../../../riscv64-unknown-linux-musl/lib/libc.a(syscall.o)
 .text.syscall_timer_settime
                0x0000000200003458       0x10 /home/zbtrs/ospp/rt-thread/bsp/toolchain/riscv64-linux-musleabi_for_x86_64-pc-linux-gnu/bin/../lib/gcc/riscv64-unknown-linux-musl/10.1.0/../../../../riscv64-unknown-linux-musl/lib/libc.a(syscall.o)
 .text.syscall_rt_sigprocmask
                0x0000000200003468       0x1c /home/zbtrs/ospp/rt-thread/bsp/toolchain/riscv64-linux-musleabi_for_x86_64-pc-linux-gnu/bin/../lib/gcc/riscv64-unknown-linux-musl/10.1.0/../../../../riscv64-unknown-linux-musl/lib/libc.a(syscall.o)
 .text.syscall_rt_sigaction
                0x0000000200003484       0x1c /home/zbtrs/ospp/rt-thread/bsp/toolchain/riscv64-linux-musleabi_for_x86_64-pc-linux-gnu/bin/../lib/gcc/riscv64-unknown-linux-musl/10.1.0/../../../../riscv64-unknown-linux-musl/lib/libc.a(syscall.o)
 .text.syscall_sigprocmask
                0x00000002000034a0       0x1e /home/zbtrs/ospp/rt-thread/bsp/toolchain/riscv64-linux-musleabi_for_x86_64-pc-linux-gnu/bin/../lib/gcc/riscv64-unknown-linux-musl/10.1.0/../../../../riscv64-unknown-linux-musl/lib/libc.a(syscall.o)
 .text.syscall_sigaction
                0x00000002000034be       0x1e /home/zbtrs/ospp/rt-thread/bsp/toolchain/riscv64-linux-musleabi_for_x86_64-pc-linux-gnu/bin/../lib/gcc/riscv64-unknown-linux-musl/10.1.0/../../../../riscv64-unknown-linux-musl/lib/libc.a(syscall.o)
 .text.syscall_getsockopt
                0x00000002000034dc       0x12 /home/zbtrs/ospp/rt-thread/bsp/toolchain/riscv64-linux-musleabi_for_x86_64-pc-linux-gnu/bin/../lib/gcc/riscv64-unknown-linux-musl/10.1.0/../../../../riscv64-unknown-linux-musl/lib/libc.a(syscall.o)
 .text.syscall_setsockopt
                0x00000002000034ee       0x16 /home/zbtrs/ospp/rt-thread/bsp/toolchain/riscv64-linux-musleabi_for_x86_64-pc-linux-gnu/bin/../lib/gcc/riscv64-unknown-linux-musl/10.1.0/../../../../riscv64-unknown-linux-musl/lib/libc.a(syscall.o)
 .text.syscall_mq_timedreceive
                0x0000000200003504       0x12 /home/zbtrs/ospp/rt-thread/bsp/toolchain/riscv64-linux-musleabi_for_x86_64-pc-linux-gnu/bin/../lib/gcc/riscv64-unknown-linux-musl/10.1.0/../../../../riscv64-unknown-linux-musl/lib/libc.a(syscall.o)
 .text.syscall_mq_timedsend
                0x0000000200003516       0x16 /home/zbtrs/ospp/rt-thread/bsp/toolchain/riscv64-linux-musleabi_for_x86_64-pc-linux-gnu/bin/../lib/gcc/riscv64-unknown-linux-musl/10.1.0/../../../../riscv64-unknown-linux-musl/lib/libc.a(syscall.o)
 .text.syscall_mremap
                0x000000020000352c       0x12 /home/zbtrs/ospp/rt-thread/bsp/toolchain/riscv64-linux-musleabi_for_x86_64-pc-linux-gnu/bin/../lib/gcc/riscv64-unknown-linux-musl/10.1.0/../../../../riscv64-unknown-linux-musl/lib/libc.a(syscall.o)
 .text.syscall__newselect
                0x000000020000353e       0x12 /home/zbtrs/ospp/rt-thread/bsp/toolchain/riscv64-linux-musleabi_for_x86_64-pc-linux-gnu/bin/../lib/gcc/riscv64-unknown-linux-musl/10.1.0/../../../../riscv64-unknown-linux-musl/lib/libc.a(syscall.o)
 .text.syscall_mount
                0x0000000200003550       0x12 /home/zbtrs/ospp/rt-thread/bsp/toolchain/riscv64-linux-musleabi_for_x86_64-pc-linux-gnu/bin/../lib/gcc/riscv64-unknown-linux-musl/10.1.0/../../../../riscv64-unknown-linux-musl/lib/libc.a(syscall.o)
 .text.syscall_recvfrom
                0x0000000200003562       0x14 /home/zbtrs/ospp/rt-thread/bsp/toolchain/riscv64-linux-musleabi_for_x86_64-pc-linux-gnu/bin/../lib/gcc/riscv64-unknown-linux-musl/10.1.0/../../../../riscv64-unknown-linux-musl/lib/libc.a(syscall.o)
 .text.syscall_sendto
                0x0000000200003576       0x1a /home/zbtrs/ospp/rt-thread/bsp/toolchain/riscv64-linux-musleabi_for_x86_64-pc-linux-gnu/bin/../lib/gcc/riscv64-unknown-linux-musl/10.1.0/../../../../riscv64-unknown-linux-musl/lib/libc.a(syscall.o)
 .text.syscall_futex
                0x0000000200003590       0x20 /home/zbtrs/ospp/rt-thread/bsp/toolchain/riscv64-linux-musleabi_for_x86_64-pc-linux-gnu/bin/../lib/gcc/riscv64-unknown-linux-musl/10.1.0/../../../../riscv64-unknown-linux-musl/lib/libc.a(syscall.o)
 .text.syscall_mmap2
                0x00000002000035b0       0x14 /home/zbtrs/ospp/rt-thread/bsp/toolchain/riscv64-linux-musleabi_for_x86_64-pc-linux-gnu/bin/../lib/gcc/riscv64-unknown-linux-musl/10.1.0/../../../../riscv64-unknown-linux-musl/lib/libc.a(syscall.o)
 .text.syscall_gettid
                0x00000002000035c4        0x8 /home/zbtrs/ospp/rt-thread/bsp/toolchain/riscv64-linux-musleabi_for_x86_64-pc-linux-gnu/bin/../lib/gcc/riscv64-unknown-linux-musl/10.1.0/../../../../riscv64-unknown-linux-musl/lib/libc.a(syscall.o)
 .text.syscall_vfork
                0x00000002000035cc        0x8 /home/zbtrs/ospp/rt-thread/bsp/toolchain/riscv64-linux-musleabi_for_x86_64-pc-linux-gnu/bin/../lib/gcc/riscv64-unknown-linux-musl/10.1.0/../../../../riscv64-unknown-linux-musl/lib/libc.a(syscall.o)
 .text.syscall_sched_yield
                0x00000002000035d4        0x8 /home/zbtrs/ospp/rt-thread/bsp/toolchain/riscv64-linux-musleabi_for_x86_64-pc-linux-gnu/bin/../lib/gcc/riscv64-unknown-linux-musl/10.1.0/../../../../riscv64-unknown-linux-musl/lib/libc.a(syscall.o)
 .text.syscall_setsid
                0x00000002000035dc        0x8 /home/zbtrs/ospp/rt-thread/bsp/toolchain/riscv64-linux-musleabi_for_x86_64-pc-linux-gnu/bin/../lib/gcc/riscv64-unknown-linux-musl/10.1.0/../../../../riscv64-unknown-linux-musl/lib/libc.a(syscall.o)
 .text.syscall_getpid
                0x00000002000035e4        0x6 /home/zbtrs/ospp/rt-thread/bsp/toolchain/riscv64-linux-musleabi_for_x86_64-pc-linux-gnu/bin/../lib/gcc/riscv64-unknown-linux-musl/10.1.0/../../../../riscv64-unknown-linux-musl/lib/libc.a(syscall.o)
 .text.syscall_fork
                0x00000002000035ea        0x8 /home/zbtrs/ospp/rt-thread/bsp/toolchain/riscv64-linux-musleabi_for_x86_64-pc-linux-gnu/bin/../lib/gcc/riscv64-unknown-linux-musl/10.1.0/../../../../riscv64-unknown-linux-musl/lib/libc.a(syscall.o)
 .text.syscall_ioctl
                0x00000002000035f2       0x16 /home/zbtrs/ospp/rt-thread/bsp/toolchain/riscv64-linux-musleabi_for_x86_64-pc-linux-gnu/bin/../lib/gcc/riscv64-unknown-linux-musl/10.1.0/../../../../riscv64-unknown-linux-musl/lib/libc.a(syscall.o)
 .text.syscall_lseek
                0x0000000200003608       0x1e /home/zbtrs/ospp/rt-thread/bsp/toolchain/riscv64-linux-musleabi_for_x86_64-pc-linux-gnu/bin/../lib/gcc/riscv64-unknown-linux-musl/10.1.0/../../../../riscv64-unknown-linux-musl/lib/libc.a(syscall.o)
 .text.syscall_stat64
                0x0000000200003626        0xc /home/zbtrs/ospp/rt-thread/bsp/toolchain/riscv64-linux-musleabi_for_x86_64-pc-linux-gnu/bin/../lib/gcc/riscv64-unknown-linux-musl/10.1.0/../../../../riscv64-unknown-linux-musl/lib/libc.a(syscall.o)
 .text.syscall_lstat64
                0x0000000200003632        0xc /home/zbtrs/ospp/rt-thread/bsp/toolchain/riscv64-linux-musleabi_for_x86_64-pc-linux-gnu/bin/../lib/gcc/riscv64-unknown-linux-musl/10.1.0/../../../../riscv64-unknown-linux-musl/lib/libc.a(syscall.o)
 .text.syscall_getdents64
                0x000000020000363e        0xe /home/zbtrs/ospp/rt-thread/bsp/toolchain/riscv64-linux-musleabi_for_x86_64-pc-linux-gnu/bin/../lib/gcc/riscv64-unknown-linux-musl/10.1.0/../../../../riscv64-unknown-linux-musl/lib/libc.a(syscall.o)
 .text.syscall_fcntl64
                0x000000020000364c        0xc /home/zbtrs/ospp/rt-thread/bsp/toolchain/riscv64-linux-musleabi_for_x86_64-pc-linux-gnu/bin/../lib/gcc/riscv64-unknown-linux-musl/10.1.0/../../../../riscv64-unknown-linux-musl/lib/libc.a(syscall.o)
 .text.syscall_lchown
                0x0000000200003658       0x30 /home/zbtrs/ospp/rt-thread/bsp/toolchain/riscv64-linux-musleabi_for_x86_64-pc-linux-gnu/bin/../lib/gcc/riscv64-unknown-linux-musl/10.1.0/../../../../riscv64-unknown-linux-musl/lib/libc.a(syscall.o)
 .text.syscall_setreuid
                0x0000000200003688       0x30 /home/zbtrs/ospp/rt-thread/bsp/toolchain/riscv64-linux-musleabi_for_x86_64-pc-linux-gnu/bin/../lib/gcc/riscv64-unknown-linux-musl/10.1.0/../../../../riscv64-unknown-linux-musl/lib/libc.a(syscall.o)
 .text.syscall_setregid
                0x00000002000036b8       0x30 /home/zbtrs/ospp/rt-thread/bsp/toolchain/riscv64-linux-musleabi_for_x86_64-pc-linux-gnu/bin/../lib/gcc/riscv64-unknown-linux-musl/10.1.0/../../../../riscv64-unknown-linux-musl/lib/libc.a(syscall.o)
 .text.syscall_sigsuspend
                0x00000002000036e8       0x30 /home/zbtrs/ospp/rt-thread/bsp/toolchain/riscv64-linux-musleabi_for_x86_64-pc-linux-gnu/bin/../lib/gcc/riscv64-unknown-linux-musl/10.1.0/../../../../riscv64-unknown-linux-musl/lib/libc.a(syscall.o)
 .text.syscall_sigpending
                0x0000000200003718       0x30 /home/zbtrs/ospp/rt-thread/bsp/toolchain/riscv64-linux-musleabi_for_x86_64-pc-linux-gnu/bin/../lib/gcc/riscv64-unknown-linux-musl/10.1.0/../../../../riscv64-unknown-linux-musl/lib/libc.a(syscall.o)
 .text.syscall_sethostname
                0x0000000200003748       0x30 /home/zbtrs/ospp/rt-thread/bsp/toolchain/riscv64-linux-musleabi_for_x86_64-pc-linux-gnu/bin/../lib/gcc/riscv64-unknown-linux-musl/10.1.0/../../../../riscv64-unknown-linux-musl/lib/libc.a(syscall.o)
 .text.syscall_getrusage
                0x0000000200003778       0x30 /home/zbtrs/ospp/rt-thread/bsp/toolchain/riscv64-linux-musleabi_for_x86_64-pc-linux-gnu/bin/../lib/gcc/riscv64-unknown-linux-musl/10.1.0/../../../../riscv64-unknown-linux-musl/lib/libc.a(syscall.o)
 .text.syscall_gettimeofday
                0x00000002000037a8       0x30 /home/zbtrs/ospp/rt-thread/bsp/toolchain/riscv64-linux-musleabi_for_x86_64-pc-linux-gnu/bin/../lib/gcc/riscv64-unknown-linux-musl/10.1.0/../../../../riscv64-unknown-linux-musl/lib/libc.a(syscall.o)
 .text.syscall_settimeofday
                0x00000002000037d8       0x30 /home/zbtrs/ospp/rt-thread/bsp/toolchain/riscv64-linux-musleabi_for_x86_64-pc-linux-gnu/bin/../lib/gcc/riscv64-unknown-linux-musl/10.1.0/../../../../riscv64-unknown-linux-musl/lib/libc.a(syscall.o)
 .text.syscall_getgroups
                0x0000000200003808       0x30 /home/zbtrs/ospp/rt-thread/bsp/toolchain/riscv64-linux-musleabi_for_x86_64-pc-linux-gnu/bin/../lib/gcc/riscv64-unknown-linux-musl/10.1.0/../../../../riscv64-unknown-linux-musl/lib/libc.a(syscall.o)
 .text.syscall_setgroups
                0x0000000200003838       0x30 /home/zbtrs/ospp/rt-thread/bsp/toolchain/riscv64-linux-musleabi_for_x86_64-pc-linux-gnu/bin/../lib/gcc/riscv64-unknown-linux-musl/10.1.0/../../../../riscv64-unknown-linux-musl/lib/libc.a(syscall.o)
 .text.syscall_uselib
                0x0000000200003868       0x30 /home/zbtrs/ospp/rt-thread/bsp/toolchain/riscv64-linux-musleabi_for_x86_64-pc-linux-gnu/bin/../lib/gcc/riscv64-unknown-linux-musl/10.1.0/../../../../riscv64-unknown-linux-musl/lib/libc.a(syscall.o)
 .text.syscall_swapon
                0x0000000200003898       0x30 /home/zbtrs/ospp/rt-thread/bsp/toolchain/riscv64-linux-musleabi_for_x86_64-pc-linux-gnu/bin/../lib/gcc/riscv64-unknown-linux-musl/10.1.0/../../../../riscv64-unknown-linux-musl/lib/libc.a(syscall.o)
 .text.syscall_truncate
                0x00000002000038c8       0x30 /home/zbtrs/ospp/rt-thread/bsp/toolchain/riscv64-linux-musleabi_for_x86_64-pc-linux-gnu/bin/../lib/gcc/riscv64-unknown-linux-musl/10.1.0/../../../../riscv64-unknown-linux-musl/lib/libc.a(syscall.o)
 .text.syscall_ftruncate
                0x00000002000038f8       0x30 /home/zbtrs/ospp/rt-thread/bsp/toolchain/riscv64-linux-musleabi_for_x86_64-pc-linux-gnu/bin/../lib/gcc/riscv64-unknown-linux-musl/10.1.0/../../../../riscv64-unknown-linux-musl/lib/libc.a(syscall.o)
 .text.syscall_fchmod
                0x0000000200003928       0x30 /home/zbtrs/ospp/rt-thread/bsp/toolchain/riscv64-linux-musleabi_for_x86_64-pc-linux-gnu/bin/../lib/gcc/riscv64-unknown-linux-musl/10.1.0/../../../../riscv64-unknown-linux-musl/lib/libc.a(syscall.o)
 .text.syscall_fchown
                0x0000000200003958       0x30 /home/zbtrs/ospp/rt-thread/bsp/toolchain/riscv64-linux-musleabi_for_x86_64-pc-linux-gnu/bin/../lib/gcc/riscv64-unknown-linux-musl/10.1.0/../../../../riscv64-unknown-linux-musl/lib/libc.a(syscall.o)
 .text.syscall_getpriority
                0x0000000200003988       0x30 /home/zbtrs/ospp/rt-thread/bsp/toolchain/riscv64-linux-musleabi_for_x86_64-pc-linux-gnu/bin/../lib/gcc/riscv64-unknown-linux-musl/10.1.0/../../../../riscv64-unknown-linux-musl/lib/libc.a(syscall.o)
 .text.syscall_setpriority
                0x00000002000039b8       0x30 /home/zbtrs/ospp/rt-thread/bsp/toolchain/riscv64-linux-musleabi_for_x86_64-pc-linux-gnu/bin/../lib/gcc/riscv64-unknown-linux-musl/10.1.0/../../../../riscv64-unknown-linux-musl/lib/libc.a(syscall.o)
 .text.syscall_syslog
                0x00000002000039e8       0x30 /home/zbtrs/ospp/rt-thread/bsp/toolchain/riscv64-linux-musleabi_for_x86_64-pc-linux-gnu/bin/../lib/gcc/riscv64-unknown-linux-musl/10.1.0/../../../../riscv64-unknown-linux-musl/lib/libc.a(syscall.o)
 .text.syscall_setitimer
                0x0000000200003a18       0x30 /home/zbtrs/ospp/rt-thread/bsp/toolchain/riscv64-linux-musleabi_for_x86_64-pc-linux-gnu/bin/../lib/gcc/riscv64-unknown-linux-musl/10.1.0/../../../../riscv64-unknown-linux-musl/lib/libc.a(syscall.o)
 .text.syscall_getitimer
                0x0000000200003a48       0x30 /home/zbtrs/ospp/rt-thread/bsp/toolchain/riscv64-linux-musleabi_for_x86_64-pc-linux-gnu/bin/../lib/gcc/riscv64-unknown-linux-musl/10.1.0/../../../../riscv64-unknown-linux-musl/lib/libc.a(syscall.o)
 .text.syscall_fstat
                0x0000000200003a78       0x30 /home/zbtrs/ospp/rt-thread/bsp/toolchain/riscv64-linux-musleabi_for_x86_64-pc-linux-gnu/bin/../lib/gcc/riscv64-unknown-linux-musl/10.1.0/../../../../riscv64-unknown-linux-musl/lib/libc.a(syscall.o)
 .text.syscall_vhangup
                0x0000000200003aa8       0x30 /home/zbtrs/ospp/rt-thread/bsp/toolchain/riscv64-linux-musleabi_for_x86_64-pc-linux-gnu/bin/../lib/gcc/riscv64-unknown-linux-musl/10.1.0/../../../../riscv64-unknown-linux-musl/lib/libc.a(syscall.o)
 .text.syscall_wait4
                0x0000000200003ad8       0x30 /home/zbtrs/ospp/rt-thread/bsp/toolchain/riscv64-linux-musleabi_for_x86_64-pc-linux-gnu/bin/../lib/gcc/riscv64-unknown-linux-musl/10.1.0/../../../../riscv64-unknown-linux-musl/lib/libc.a(syscall.o)
 .text.syscall_swapoff
                0x0000000200003b08       0x30 /home/zbtrs/ospp/rt-thread/bsp/toolchain/riscv64-linux-musleabi_for_x86_64-pc-linux-gnu/bin/../lib/gcc/riscv64-unknown-linux-musl/10.1.0/../../../../riscv64-unknown-linux-musl/lib/libc.a(syscall.o)
 .text.syscall_sigreturn
                0x0000000200003b38       0x30 /home/zbtrs/ospp/rt-thread/bsp/toolchain/riscv64-linux-musleabi_for_x86_64-pc-linux-gnu/bin/../lib/gcc/riscv64-unknown-linux-musl/10.1.0/../../../../riscv64-unknown-linux-musl/lib/libc.a(syscall.o)
 .text.syscall_clone
                0x0000000200003b68       0x30 /home/zbtrs/ospp/rt-thread/bsp/toolchain/riscv64-linux-musleabi_for_x86_64-pc-linux-gnu/bin/../lib/gcc/riscv64-unknown-linux-musl/10.1.0/../../../../riscv64-unknown-linux-musl/lib/libc.a(syscall.o)
 .text.syscall_setdomainname
                0x0000000200003b98       0x30 /home/zbtrs/ospp/rt-thread/bsp/toolchain/riscv64-linux-musleabi_for_x86_64-pc-linux-gnu/bin/../lib/gcc/riscv64-unknown-linux-musl/10.1.0/../../../../riscv64-unknown-linux-musl/lib/libc.a(syscall.o)
 .text.syscall_adjtimex
                0x0000000200003bc8       0x30 /home/zbtrs/ospp/rt-thread/bsp/toolchain/riscv64-linux-musleabi_for_x86_64-pc-linux-gnu/bin/../lib/gcc/riscv64-unknown-linux-musl/10.1.0/../../../../riscv64-unknown-linux-musl/lib/libc.a(syscall.o)
 .text.syscall_mprotect
                0x0000000200003bf8       0x30 /home/zbtrs/ospp/rt-thread/bsp/toolchain/riscv64-linux-musleabi_for_x86_64-pc-linux-gnu/bin/../lib/gcc/riscv64-unknown-linux-musl/10.1.0/../../../../riscv64-unknown-linux-musl/lib/libc.a(syscall.o)
 .text.syscall_init_module
                0x0000000200003c28       0x30 /home/zbtrs/ospp/rt-thread/bsp/toolchain/riscv64-linux-musleabi_for_x86_64-pc-linux-gnu/bin/../lib/gcc/riscv64-unknown-linux-musl/10.1.0/../../../../riscv64-unknown-linux-musl/lib/libc.a(syscall.o)
 .text.syscall_delete_module
                0x0000000200003c58       0x30 /home/zbtrs/ospp/rt-thread/bsp/toolchain/riscv64-linux-musleabi_for_x86_64-pc-linux-gnu/bin/../lib/gcc/riscv64-unknown-linux-musl/10.1.0/../../../../riscv64-unknown-linux-musl/lib/libc.a(syscall.o)
 .text.syscall_quotactl
                0x0000000200003c88       0x30 /home/zbtrs/ospp/rt-thread/bsp/toolchain/riscv64-linux-musleabi_for_x86_64-pc-linux-gnu/bin/../lib/gcc/riscv64-unknown-linux-musl/10.1.0/../../../../riscv64-unknown-linux-musl/lib/libc.a(syscall.o)
 .text.syscall_getpgid
                0x0000000200003cb8       0x30 /home/zbtrs/ospp/rt-thread/bsp/toolchain/riscv64-linux-musleabi_for_x86_64-pc-linux-gnu/bin/../lib/gcc/riscv64-unknown-linux-musl/10.1.0/../../../../riscv64-unknown-linux-musl/lib/libc.a(syscall.o)
 .text.syscall_fchdir
                0x0000000200003ce8       0x30 /home/zbtrs/ospp/rt-thread/bsp/toolchain/riscv64-linux-musleabi_for_x86_64-pc-linux-gnu/bin/../lib/gcc/riscv64-unknown-linux-musl/10.1.0/../../../../riscv64-unknown-linux-musl/lib/libc.a(syscall.o)
 .text.syscall_bdflush
                0x0000000200003d18       0x30 /home/zbtrs/ospp/rt-thread/bsp/toolchain/riscv64-linux-musleabi_for_x86_64-pc-linux-gnu/bin/../lib/gcc/riscv64-unknown-linux-musl/10.1.0/../../../../riscv64-unknown-linux-musl/lib/libc.a(syscall.o)
 .text.syscall_sysfs
                0x0000000200003d48       0x30 /home/zbtrs/ospp/rt-thread/bsp/toolchain/riscv64-linux-musleabi_for_x86_64-pc-linux-gnu/bin/../lib/gcc/riscv64-unknown-linux-musl/10.1.0/../../../../riscv64-unknown-linux-musl/lib/libc.a(syscall.o)
 .text.syscall_personality
                0x0000000200003d78       0x30 /home/zbtrs/ospp/rt-thread/bsp/toolchain/riscv64-linux-musleabi_for_x86_64-pc-linux-gnu/bin/../lib/gcc/riscv64-unknown-linux-musl/10.1.0/../../../../riscv64-unknown-linux-musl/lib/libc.a(syscall.o)
 .text.syscall_setfsuid
                0x0000000200003da8       0x30 /home/zbtrs/ospp/rt-thread/bsp/toolchain/riscv64-linux-musleabi_for_x86_64-pc-linux-gnu/bin/../lib/gcc/riscv64-unknown-linux-musl/10.1.0/../../../../riscv64-unknown-linux-musl/lib/libc.a(syscall.o)
 .text.syscall_setfsgid
                0x0000000200003dd8       0x30 /home/zbtrs/ospp/rt-thread/bsp/toolchain/riscv64-linux-musleabi_for_x86_64-pc-linux-gnu/bin/../lib/gcc/riscv64-unknown-linux-musl/10.1.0/../../../../riscv64-unknown-linux-musl/lib/libc.a(syscall.o)
 .text.syscall_flock
                0x0000000200003e08       0x30 /home/zbtrs/ospp/rt-thread/bsp/toolchain/riscv64-linux-musleabi_for_x86_64-pc-linux-gnu/bin/../lib/gcc/riscv64-unknown-linux-musl/10.1.0/../../../../riscv64-unknown-linux-musl/lib/libc.a(syscall.o)
 .text.syscall_msync
                0x0000000200003e38       0x30 /home/zbtrs/ospp/rt-thread/bsp/toolchain/riscv64-linux-musleabi_for_x86_64-pc-linux-gnu/bin/../lib/gcc/riscv64-unknown-linux-musl/10.1.0/../../../../riscv64-unknown-linux-musl/lib/libc.a(syscall.o)
 .text.syscall_getsid
                0x0000000200003e68       0x30 /home/zbtrs/ospp/rt-thread/bsp/toolchain/riscv64-linux-musleabi_for_x86_64-pc-linux-gnu/bin/../lib/gcc/riscv64-unknown-linux-musl/10.1.0/../../../../riscv64-unknown-linux-musl/lib/libc.a(syscall.o)
 .text.syscall_fdatasync
                0x0000000200003e98       0x30 /home/zbtrs/ospp/rt-thread/bsp/toolchain/riscv64-linux-musleabi_for_x86_64-pc-linux-gnu/bin/../lib/gcc/riscv64-unknown-linux-musl/10.1.0/../../../../riscv64-unknown-linux-musl/lib/libc.a(syscall.o)
 .text.syscall__sysctl
                0x0000000200003ec8       0x30 /home/zbtrs/ospp/rt-thread/bsp/toolchain/riscv64-linux-musleabi_for_x86_64-pc-linux-gnu/bin/../lib/gcc/riscv64-unknown-linux-musl/10.1.0/../../../../riscv64-unknown-linux-musl/lib/libc.a(syscall.o)
 .text.syscall_mlock
                0x0000000200003ef8       0x30 /home/zbtrs/ospp/rt-thread/bsp/toolchain/riscv64-linux-musleabi_for_x86_64-pc-linux-gnu/bin/../lib/gcc/riscv64-unknown-linux-musl/10.1.0/../../../../riscv64-unknown-linux-musl/lib/libc.a(syscall.o)
 .text.syscall_munlock
                0x0000000200003f28       0x30 /home/zbtrs/ospp/rt-thread/bsp/toolchain/riscv64-linux-musleabi_for_x86_64-pc-linux-gnu/bin/../lib/gcc/riscv64-unknown-linux-musl/10.1.0/../../../../riscv64-unknown-linux-musl/lib/libc.a(syscall.o)
 .text.syscall_mlockall
                0x0000000200003f58       0x30 /home/zbtrs/ospp/rt-thread/bsp/toolchain/riscv64-linux-musleabi_for_x86_64-pc-linux-gnu/bin/../lib/gcc/riscv64-unknown-linux-musl/10.1.0/../../../../riscv64-unknown-linux-musl/lib/libc.a(syscall.o)
 .text.syscall_setfsgid32
                0x0000000200003f88       0x30 /home/zbtrs/ospp/rt-thread/bsp/toolchain/riscv64-linux-musleabi_for_x86_64-pc-linux-gnu/bin/../lib/gcc/riscv64-unknown-linux-musl/10.1.0/../../../../riscv64-unknown-linux-musl/lib/libc.a(syscall.o)
 .text.syscall_readahead
                0x0000000200003fb8       0x30 /home/zbtrs/ospp/rt-thread/bsp/toolchain/riscv64-linux-musleabi_for_x86_64-pc-linux-gnu/bin/../lib/gcc/riscv64-unknown-linux-musl/10.1.0/../../../../riscv64-unknown-linux-musl/lib/libc.a(syscall.o)
 .text.syscall_pivot_root
                0x0000000200003fe8       0x30 /home/zbtrs/ospp/rt-thread/bsp/toolchain/riscv64-linux-musleabi_for_x86_64-pc-linux-gnu/bin/../lib/gcc/riscv64-unknown-linux-musl/10.1.0/../../../../riscv64-unknown-linux-musl/lib/libc.a(syscall.o)
 .text.syscall_mincore
                0x0000000200004018       0x30 /home/zbtrs/ospp/rt-thread/bsp/toolchain/riscv64-linux-musleabi_for_x86_64-pc-linux-gnu/bin/../lib/gcc/riscv64-unknown-linux-musl/10.1.0/../../../../riscv64-unknown-linux-musl/lib/libc.a(syscall.o)
 .text.syscall_chroot
                0x0000000200004048       0x30 /home/zbtrs/ospp/rt-thread/bsp/toolchain/riscv64-linux-musleabi_for_x86_64-pc-linux-gnu/bin/../lib/gcc/riscv64-unknown-linux-musl/10.1.0/../../../../riscv64-unknown-linux-musl/lib/libc.a(syscall.o)
 .text.syscall_ustat
                0x0000000200004078       0x30 /home/zbtrs/ospp/rt-thread/bsp/toolchain/riscv64-linux-musleabi_for_x86_64-pc-linux-gnu/bin/../lib/gcc/riscv64-unknown-linux-musl/10.1.0/../../../../riscv64-unknown-linux-musl/lib/libc.a(syscall.o)
 .text.syscall_getppid
                0x00000002000040a8       0x30 /home/zbtrs/ospp/rt-thread/bsp/toolchain/riscv64-linux-musleabi_for_x86_64-pc-linux-gnu/bin/../lib/gcc/riscv64-unknown-linux-musl/10.1.0/../../../../riscv64-unknown-linux-musl/lib/libc.a(syscall.o)
 .text.syscall_getpgrp
                0x00000002000040d8       0x30 /home/zbtrs/ospp/rt-thread/bsp/toolchain/riscv64-linux-musleabi_for_x86_64-pc-linux-gnu/bin/../lib/gcc/riscv64-unknown-linux-musl/10.1.0/../../../../riscv64-unknown-linux-musl/lib/libc.a(syscall.o)
 .text.syscall_setgroups32
                0x0000000200004108       0x30 /home/zbtrs/ospp/rt-thread/bsp/toolchain/riscv64-linux-musleabi_for_x86_64-pc-linux-gnu/bin/../lib/gcc/riscv64-unknown-linux-musl/10.1.0/../../../../riscv64-unknown-linux-musl/lib/libc.a(syscall.o)
 .text.syscall_fchown32
                0x0000000200004138       0x30 /home/zbtrs/ospp/rt-thread/bsp/toolchain/riscv64-linux-musleabi_for_x86_64-pc-linux-gnu/bin/../lib/gcc/riscv64-unknown-linux-musl/10.1.0/../../../../riscv64-unknown-linux-musl/lib/libc.a(syscall.o)
 .text.syscall_setresuid32
                0x0000000200004168       0x30 /home/zbtrs/ospp/rt-thread/bsp/toolchain/riscv64-linux-musleabi_for_x86_64-pc-linux-gnu/bin/../lib/gcc/riscv64-unknown-linux-musl/10.1.0/../../../../riscv64-unknown-linux-musl/lib/libc.a(syscall.o)
 .text.syscall_getresuid32
                0x0000000200004198       0x30 /home/zbtrs/ospp/rt-thread/bsp/toolchain/riscv64-linux-musleabi_for_x86_64-pc-linux-gnu/bin/../lib/gcc/riscv64-unknown-linux-musl/10.1.0/../../../../riscv64-unknown-linux-musl/lib/libc.a(syscall.o)
 .text.syscall_setresgid32
                0x00000002000041c8       0x30 /home/zbtrs/ospp/rt-thread/bsp/toolchain/riscv64-linux-musleabi_for_x86_64-pc-linux-gnu/bin/../lib/gcc/riscv64-unknown-linux-musl/10.1.0/../../../../riscv64-unknown-linux-musl/lib/libc.a(syscall.o)
 .text.syscall_getresgid32
                0x00000002000041f8       0x30 /home/zbtrs/ospp/rt-thread/bsp/toolchain/riscv64-linux-musleabi_for_x86_64-pc-linux-gnu/bin/../lib/gcc/riscv64-unknown-linux-musl/10.1.0/../../../../riscv64-unknown-linux-musl/lib/libc.a(syscall.o)
 .text.syscall_chown32
                0x0000000200004228       0x30 /home/zbtrs/ospp/rt-thread/bsp/toolchain/riscv64-linux-musleabi_for_x86_64-pc-linux-gnu/bin/../lib/gcc/riscv64-unknown-linux-musl/10.1.0/../../../../riscv64-unknown-linux-musl/lib/libc.a(syscall.o)
 .text.syscall_setuid32
                0x0000000200004258       0x30 /home/zbtrs/ospp/rt-thread/bsp/toolchain/riscv64-linux-musleabi_for_x86_64-pc-linux-gnu/bin/../lib/gcc/riscv64-unknown-linux-musl/10.1.0/../../../../riscv64-unknown-linux-musl/lib/libc.a(syscall.o)
 .text.syscall_setxattr
                0x0000000200004288       0x30 /home/zbtrs/ospp/rt-thread/bsp/toolchain/riscv64-linux-musleabi_for_x86_64-pc-linux-gnu/bin/../lib/gcc/riscv64-unknown-linux-musl/10.1.0/../../../../riscv64-unknown-linux-musl/lib/libc.a(syscall.o)
 .text.syscall_lsetxattr
                0x00000002000042b8       0x30 /home/zbtrs/ospp/rt-thread/bsp/toolchain/riscv64-linux-musleabi_for_x86_64-pc-linux-gnu/bin/../lib/gcc/riscv64-unknown-linux-musl/10.1.0/../../../../riscv64-unknown-linux-musl/lib/libc.a(syscall.o)
 .text.syscall_fsetxattr
                0x00000002000042e8       0x30 /home/zbtrs/ospp/rt-thread/bsp/toolchain/riscv64-linux-musleabi_for_x86_64-pc-linux-gnu/bin/../lib/gcc/riscv64-unknown-linux-musl/10.1.0/../../../../riscv64-unknown-linux-musl/lib/libc.a(syscall.o)
 .text.syscall_getxattr
                0x0000000200004318       0x30 /home/zbtrs/ospp/rt-thread/bsp/toolchain/riscv64-linux-musleabi_for_x86_64-pc-linux-gnu/bin/../lib/gcc/riscv64-unknown-linux-musl/10.1.0/../../../../riscv64-unknown-linux-musl/lib/libc.a(syscall.o)
 .text.syscall_lgetxattr
                0x0000000200004348       0x30 /home/zbtrs/ospp/rt-thread/bsp/toolchain/riscv64-linux-musleabi_for_x86_64-pc-linux-gnu/bin/../lib/gcc/riscv64-unknown-linux-musl/10.1.0/../../../../riscv64-unknown-linux-musl/lib/libc.a(syscall.o)
 .text.syscall_fgetxattr
                0x0000000200004378       0x30 /home/zbtrs/ospp/rt-thread/bsp/toolchain/riscv64-linux-musleabi_for_x86_64-pc-linux-gnu/bin/../lib/gcc/riscv64-unknown-linux-musl/10.1.0/../../../../riscv64-unknown-linux-musl/lib/libc.a(syscall.o)
 .text.syscall_listxattr
                0x00000002000043a8       0x30 /home/zbtrs/ospp/rt-thread/bsp/toolchain/riscv64-linux-musleabi_for_x86_64-pc-linux-gnu/bin/../lib/gcc/riscv64-unknown-linux-musl/10.1.0/../../../../riscv64-unknown-linux-musl/lib/libc.a(syscall.o)
 .text.syscall_llistxattr
                0x00000002000043d8       0x30 /home/zbtrs/ospp/rt-thread/bsp/toolchain/riscv64-linux-musleabi_for_x86_64-pc-linux-gnu/bin/../lib/gcc/riscv64-unknown-linux-musl/10.1.0/../../../../riscv64-unknown-linux-musl/lib/libc.a(syscall.o)
 .text.syscall_flistxattr
                0x0000000200004408       0x30 /home/zbtrs/ospp/rt-thread/bsp/toolchain/riscv64-linux-musleabi_for_x86_64-pc-linux-gnu/bin/../lib/gcc/riscv64-unknown-linux-musl/10.1.0/../../../../riscv64-unknown-linux-musl/lib/libc.a(syscall.o)
 .text.syscall_removexattr
                0x0000000200004438       0x30 /home/zbtrs/ospp/rt-thread/bsp/toolchain/riscv64-linux-musleabi_for_x86_64-pc-linux-gnu/bin/../lib/gcc/riscv64-unknown-linux-musl/10.1.0/../../../../riscv64-unknown-linux-musl/lib/libc.a(syscall.o)
 .text.syscall_lremovexattr
                0x0000000200004468       0x30 /home/zbtrs/ospp/rt-thread/bsp/toolchain/riscv64-linux-musleabi_for_x86_64-pc-linux-gnu/bin/../lib/gcc/riscv64-unknown-linux-musl/10.1.0/../../../../riscv64-unknown-linux-musl/lib/libc.a(syscall.o)
 .text.syscall_fremovexattr
                0x0000000200004498       0x30 /home/zbtrs/ospp/rt-thread/bsp/toolchain/riscv64-linux-musleabi_for_x86_64-pc-linux-gnu/bin/../lib/gcc/riscv64-unknown-linux-musl/10.1.0/../../../../riscv64-unknown-linux-musl/lib/libc.a(syscall.o)
 .text.syscall_sendfile64
                0x00000002000044c8       0x30 /home/zbtrs/ospp/rt-thread/bsp/toolchain/riscv64-linux-musleabi_for_x86_64-pc-linux-gnu/bin/../lib/gcc/riscv64-unknown-linux-musl/10.1.0/../../../../riscv64-unknown-linux-musl/lib/libc.a(syscall.o)
 .text.syscall_io_setup
                0x00000002000044f8       0x30 /home/zbtrs/ospp/rt-thread/bsp/toolchain/riscv64-linux-musleabi_for_x86_64-pc-linux-gnu/bin/../lib/gcc/riscv64-unknown-linux-musl/10.1.0/../../../../riscv64-unknown-linux-musl/lib/libc.a(syscall.o)
 .text.syscall_io_destroy
                0x0000000200004528       0x30 /home/zbtrs/ospp/rt-thread/bsp/toolchain/riscv64-linux-musleabi_for_x86_64-pc-linux-gnu/bin/../lib/gcc/riscv64-unknown-linux-musl/10.1.0/../../../../riscv64-unknown-linux-musl/lib/libc.a(syscall.o)
 .text.syscall_io_getevents
                0x0000000200004558       0x30 /home/zbtrs/ospp/rt-thread/bsp/toolchain/riscv64-linux-musleabi_for_x86_64-pc-linux-gnu/bin/../lib/gcc/riscv64-unknown-linux-musl/10.1.0/../../../../riscv64-unknown-linux-musl/lib/libc.a(syscall.o)
 .text.syscall_setpgid
                0x0000000200004588       0x30 /home/zbtrs/ospp/rt-thread/bsp/toolchain/riscv64-linux-musleabi_for_x86_64-pc-linux-gnu/bin/../lib/gcc/riscv64-unknown-linux-musl/10.1.0/../../../../riscv64-unknown-linux-musl/lib/libc.a(syscall.o)
 .text.syscall_umask
                0x00000002000045b8       0x30 /home/zbtrs/ospp/rt-thread/bsp/toolchain/riscv64-linux-musleabi_for_x86_64-pc-linux-gnu/bin/../lib/gcc/riscv64-unknown-linux-musl/10.1.0/../../../../riscv64-unknown-linux-musl/lib/libc.a(syscall.o)
 .text.syscall_truncate64
                0x00000002000045e8       0x30 /home/zbtrs/ospp/rt-thread/bsp/toolchain/riscv64-linux-musleabi_for_x86_64-pc-linux-gnu/bin/../lib/gcc/riscv64-unknown-linux-musl/10.1.0/../../../../riscv64-unknown-linux-musl/lib/libc.a(syscall.o)
 .text.syscall_ftruncate64
                0x0000000200004618       0x30 /home/zbtrs/ospp/rt-thread/bsp/toolchain/riscv64-linux-musleabi_for_x86_64-pc-linux-gnu/bin/../lib/gcc/riscv64-unknown-linux-musl/10.1.0/../../../../riscv64-unknown-linux-musl/lib/libc.a(syscall.o)
 .text.syscall_capget
                0x0000000200004648       0x30 /home/zbtrs/ospp/rt-thread/bsp/toolchain/riscv64-linux-musleabi_for_x86_64-pc-linux-gnu/bin/../lib/gcc/riscv64-unknown-linux-musl/10.1.0/../../../../riscv64-unknown-linux-musl/lib/libc.a(syscall.o)
 .text.syscall_capset
                0x0000000200004678       0x30 /home/zbtrs/ospp/rt-thread/bsp/toolchain/riscv64-linux-musleabi_for_x86_64-pc-linux-gnu/bin/../lib/gcc/riscv64-unknown-linux-musl/10.1.0/../../../../riscv64-unknown-linux-musl/lib/libc.a(syscall.o)
 .text.syscall_sigaltstack
                0x00000002000046a8       0x30 /home/zbtrs/ospp/rt-thread/bsp/toolchain/riscv64-linux-musleabi_for_x86_64-pc-linux-gnu/bin/../lib/gcc/riscv64-unknown-linux-musl/10.1.0/../../../../riscv64-unknown-linux-musl/lib/libc.a(syscall.o)
 .text.syscall_sendfile
                0x00000002000046d8       0x30 /home/zbtrs/ospp/rt-thread/bsp/toolchain/riscv64-linux-musleabi_for_x86_64-pc-linux-gnu/bin/../lib/gcc/riscv64-unknown-linux-musl/10.1.0/../../../../riscv64-unknown-linux-musl/lib/libc.a(syscall.o)
 .text.syscall_lchown32
                0x0000000200004708       0x30 /home/zbtrs/ospp/rt-thread/bsp/toolchain/riscv64-linux-musleabi_for_x86_64-pc-linux-gnu/bin/../lib/gcc/riscv64-unknown-linux-musl/10.1.0/../../../../riscv64-unknown-linux-musl/lib/libc.a(syscall.o)
 .text.syscall_getuid32
                0x0000000200004738       0x30 /home/zbtrs/ospp/rt-thread/bsp/toolchain/riscv64-linux-musleabi_for_x86_64-pc-linux-gnu/bin/../lib/gcc/riscv64-unknown-linux-musl/10.1.0/../../../../riscv64-unknown-linux-musl/lib/libc.a(syscall.o)
 .text.syscall_getgid32
                0x0000000200004768       0x30 /home/zbtrs/ospp/rt-thread/bsp/toolchain/riscv64-linux-musleabi_for_x86_64-pc-linux-gnu/bin/../lib/gcc/riscv64-unknown-linux-musl/10.1.0/../../../../riscv64-unknown-linux-musl/lib/libc.a(syscall.o)
 .text.syscall_geteuid32
                0x0000000200004798       0x30 /home/zbtrs/ospp/rt-thread/bsp/toolchain/riscv64-linux-musleabi_for_x86_64-pc-linux-gnu/bin/../lib/gcc/riscv64-unknown-linux-musl/10.1.0/../../../../riscv64-unknown-linux-musl/lib/libc.a(syscall.o)
 .text.syscall_getegid32
                0x00000002000047c8       0x30 /home/zbtrs/ospp/rt-thread/bsp/toolchain/riscv64-linux-musleabi_for_x86_64-pc-linux-gnu/bin/../lib/gcc/riscv64-unknown-linux-musl/10.1.0/../../../../riscv64-unknown-linux-musl/lib/libc.a(syscall.o)
 .text.syscall_setreuid32
                0x00000002000047f8       0x30 /home/zbtrs/ospp/rt-thread/bsp/toolchain/riscv64-linux-musleabi_for_x86_64-pc-linux-gnu/bin/../lib/gcc/riscv64-unknown-linux-musl/10.1.0/../../../../riscv64-unknown-linux-musl/lib/libc.a(syscall.o)
 .text.syscall_setregid32
                0x0000000200004828       0x30 /home/zbtrs/ospp/rt-thread/bsp/toolchain/riscv64-linux-musleabi_for_x86_64-pc-linux-gnu/bin/../lib/gcc/riscv64-unknown-linux-musl/10.1.0/../../../../riscv64-unknown-linux-musl/lib/libc.a(syscall.o)
 .text.syscall_getgroups32
                0x0000000200004858       0x30 /home/zbtrs/ospp/rt-thread/bsp/toolchain/riscv64-linux-musleabi_for_x86_64-pc-linux-gnu/bin/../lib/gcc/riscv64-unknown-linux-musl/10.1.0/../../../../riscv64-unknown-linux-musl/lib/libc.a(syscall.o)
 .text.syscall_munlockall
                0x0000000200004888       0x30 /home/zbtrs/ospp/rt-thread/bsp/toolchain/riscv64-linux-musleabi_for_x86_64-pc-linux-gnu/bin/../lib/gcc/riscv64-unknown-linux-musl/10.1.0/../../../../riscv64-unknown-linux-musl/lib/libc.a(syscall.o)
 .text.syscall_sched_rr_get_interval
                0x00000002000048b8       0x30 /home/zbtrs/ospp/rt-thread/bsp/toolchain/riscv64-linux-musleabi_for_x86_64-pc-linux-gnu/bin/../lib/gcc/riscv64-unknown-linux-musl/10.1.0/../../../../riscv64-unknown-linux-musl/lib/libc.a(syscall.o)
 .text.syscall_setresuid
                0x00000002000048e8       0x30 /home/zbtrs/ospp/rt-thread/bsp/toolchain/riscv64-linux-musleabi_for_x86_64-pc-linux-gnu/bin/../lib/gcc/riscv64-unknown-linux-musl/10.1.0/../../../../riscv64-unknown-linux-musl/lib/libc.a(syscall.o)
 .text.syscall_getresuid
                0x0000000200004918       0x30 /home/zbtrs/ospp/rt-thread/bsp/toolchain/riscv64-linux-musleabi_for_x86_64-pc-linux-gnu/bin/../lib/gcc/riscv64-unknown-linux-musl/10.1.0/../../../../riscv64-unknown-linux-musl/lib/libc.a(syscall.o)
 .text.syscall_nfsservctl
                0x0000000200004948       0x30 /home/zbtrs/ospp/rt-thread/bsp/toolchain/riscv64-linux-musleabi_for_x86_64-pc-linux-gnu/bin/../lib/gcc/riscv64-unknown-linux-musl/10.1.0/../../../../riscv64-unknown-linux-musl/lib/libc.a(syscall.o)
 .text.syscall_setresgid
                0x0000000200004978       0x30 /home/zbtrs/ospp/rt-thread/bsp/toolchain/riscv64-linux-musleabi_for_x86_64-pc-linux-gnu/bin/../lib/gcc/riscv64-unknown-linux-musl/10.1.0/../../../../riscv64-unknown-linux-musl/lib/libc.a(syscall.o)
 .text.syscall_getresgid
                0x00000002000049a8       0x30 /home/zbtrs/ospp/rt-thread/bsp/toolchain/riscv64-linux-musleabi_for_x86_64-pc-linux-gnu/bin/../lib/gcc/riscv64-unknown-linux-musl/10.1.0/../../../../riscv64-unknown-linux-musl/lib/libc.a(syscall.o)
 .text.syscall_prctl
                0x00000002000049d8       0x30 /home/zbtrs/ospp/rt-thread/bsp/toolchain/riscv64-linux-musleabi_for_x86_64-pc-linux-gnu/bin/../lib/gcc/riscv64-unknown-linux-musl/10.1.0/../../../../riscv64-unknown-linux-musl/lib/libc.a(syscall.o)
 .text.syscall_rt_sigreturn
                0x0000000200004a08       0x30 /home/zbtrs/ospp/rt-thread/bsp/toolchain/riscv64-linux-musleabi_for_x86_64-pc-linux-gnu/bin/../lib/gcc/riscv64-unknown-linux-musl/10.1.0/../../../../riscv64-unknown-linux-musl/lib/libc.a(syscall.o)
 .text.syscall_rt_sigpending
                0x0000000200004a38       0x30 /home/zbtrs/ospp/rt-thread/bsp/toolchain/riscv64-linux-musleabi_for_x86_64-pc-linux-gnu/bin/../lib/gcc/riscv64-unknown-linux-musl/10.1.0/../../../../riscv64-unknown-linux-musl/lib/libc.a(syscall.o)
 .text.syscall_rt_sigtimedwait
                0x0000000200004a68       0x30 /home/zbtrs/ospp/rt-thread/bsp/toolchain/riscv64-linux-musleabi_for_x86_64-pc-linux-gnu/bin/../lib/gcc/riscv64-unknown-linux-musl/10.1.0/../../../../riscv64-unknown-linux-musl/lib/libc.a(syscall.o)
 .text.syscall_rt_sigqueueinfo
                0x0000000200004a98       0x30 /home/zbtrs/ospp/rt-thread/bsp/toolchain/riscv64-linux-musleabi_for_x86_64-pc-linux-gnu/bin/../lib/gcc/riscv64-unknown-linux-musl/10.1.0/../../../../riscv64-unknown-linux-musl/lib/libc.a(syscall.o)
 .text.syscall_rt_sigsuspend
                0x0000000200004ac8       0x30 /home/zbtrs/ospp/rt-thread/bsp/toolchain/riscv64-linux-musleabi_for_x86_64-pc-linux-gnu/bin/../lib/gcc/riscv64-unknown-linux-musl/10.1.0/../../../../riscv64-unknown-linux-musl/lib/libc.a(syscall.o)
 .text.syscall_pread64
                0x0000000200004af8       0x30 /home/zbtrs/ospp/rt-thread/bsp/toolchain/riscv64-linux-musleabi_for_x86_64-pc-linux-gnu/bin/../lib/gcc/riscv64-unknown-linux-musl/10.1.0/../../../../riscv64-unknown-linux-musl/lib/libc.a(syscall.o)
 .text.syscall_pwrite64
                0x0000000200004b28       0x30 /home/zbtrs/ospp/rt-thread/bsp/toolchain/riscv64-linux-musleabi_for_x86_64-pc-linux-gnu/bin/../lib/gcc/riscv64-unknown-linux-musl/10.1.0/../../../../riscv64-unknown-linux-musl/lib/libc.a(syscall.o)
 .text.syscall_chown
                0x0000000200004b58       0x30 /home/zbtrs/ospp/rt-thread/bsp/toolchain/riscv64-linux-musleabi_for_x86_64-pc-linux-gnu/bin/../lib/gcc/riscv64-unknown-linux-musl/10.1.0/../../../../riscv64-unknown-linux-musl/lib/libc.a(syscall.o)
 .text.syscall_setgid32
                0x0000000200004b88       0x30 /home/zbtrs/ospp/rt-thread/bsp/toolchain/riscv64-linux-musleabi_for_x86_64-pc-linux-gnu/bin/../lib/gcc/riscv64-unknown-linux-musl/10.1.0/../../../../riscv64-unknown-linux-musl/lib/libc.a(syscall.o)
 .text.syscall_setfsuid32
                0x0000000200004bb8       0x30 /home/zbtrs/ospp/rt-thread/bsp/toolchain/riscv64-linux-musleabi_for_x86_64-pc-linux-gnu/bin/../lib/gcc/riscv64-unknown-linux-musl/10.1.0/../../../../riscv64-unknown-linux-musl/lib/libc.a(syscall.o)
 .text.syscall_creat
                0x0000000200004be8       0x30 /home/zbtrs/ospp/rt-thread/bsp/toolchain/riscv64-linux-musleabi_for_x86_64-pc-linux-gnu/bin/../lib/gcc/riscv64-unknown-linux-musl/10.1.0/../../../../riscv64-unknown-linux-musl/lib/libc.a(syscall.o)
 .text.syscall_mknod
                0x0000000200004c18       0x30 /home/zbtrs/ospp/rt-thread/bsp/toolchain/riscv64-linux-musleabi_for_x86_64-pc-linux-gnu/bin/../lib/gcc/riscv64-unknown-linux-musl/10.1.0/../../../../riscv64-unknown-linux-musl/lib/libc.a(syscall.o)
 .text.syscall_setuid
                0x0000000200004c48       0x30 /home/zbtrs/ospp/rt-thread/bsp/toolchain/riscv64-linux-musleabi_for_x86_64-pc-linux-gnu/bin/../lib/gcc/riscv64-unknown-linux-musl/10.1.0/../../../../riscv64-unknown-linux-musl/lib/libc.a(syscall.o)
 .text.syscall_getuid
                0x0000000200004c78       0x30 /home/zbtrs/ospp/rt-thread/bsp/toolchain/riscv64-linux-musleabi_for_x86_64-pc-linux-gnu/bin/../lib/gcc/riscv64-unknown-linux-musl/10.1.0/../../../../riscv64-unknown-linux-musl/lib/libc.a(syscall.o)
 .text.syscall_ptrace
                0x0000000200004ca8       0x30 /home/zbtrs/ospp/rt-thread/bsp/toolchain/riscv64-linux-musleabi_for_x86_64-pc-linux-gnu/bin/../lib/gcc/riscv64-unknown-linux-musl/10.1.0/../../../../riscv64-unknown-linux-musl/lib/libc.a(syscall.o)
 .text.syscall_pause
                0x0000000200004cd8       0x30 /home/zbtrs/ospp/rt-thread/bsp/toolchain/riscv64-linux-musleabi_for_x86_64-pc-linux-gnu/bin/../lib/gcc/riscv64-unknown-linux-musl/10.1.0/../../../../riscv64-unknown-linux-musl/lib/libc.a(syscall.o)
 .text.syscall_nice
                0x0000000200004d08       0x30 /home/zbtrs/ospp/rt-thread/bsp/toolchain/riscv64-linux-musleabi_for_x86_64-pc-linux-gnu/bin/../lib/gcc/riscv64-unknown-linux-musl/10.1.0/../../../../riscv64-unknown-linux-musl/lib/libc.a(syscall.o)
 .text.syscall_sync
                0x0000000200004d38       0x30 /home/zbtrs/ospp/rt-thread/bsp/toolchain/riscv64-linux-musleabi_for_x86_64-pc-linux-gnu/bin/../lib/gcc/riscv64-unknown-linux-musl/10.1.0/../../../../riscv64-unknown-linux-musl/lib/libc.a(syscall.o)
 .text.syscall_times
                0x0000000200004d68       0x30 /home/zbtrs/ospp/rt-thread/bsp/toolchain/riscv64-linux-musleabi_for_x86_64-pc-linux-gnu/bin/../lib/gcc/riscv64-unknown-linux-musl/10.1.0/../../../../riscv64-unknown-linux-musl/lib/libc.a(syscall.o)
 .text.syscall_setgid
                0x0000000200004d98       0x30 /home/zbtrs/ospp/rt-thread/bsp/toolchain/riscv64-linux-musleabi_for_x86_64-pc-linux-gnu/bin/../lib/gcc/riscv64-unknown-linux-musl/10.1.0/../../../../riscv64-unknown-linux-musl/lib/libc.a(syscall.o)
 .text.syscall_getgid
                0x0000000200004dc8       0x30 /home/zbtrs/ospp/rt-thread/bsp/toolchain/riscv64-linux-musleabi_for_x86_64-pc-linux-gnu/bin/../lib/gcc/riscv64-unknown-linux-musl/10.1.0/../../../../riscv64-unknown-linux-musl/lib/libc.a(syscall.o)
 .text.syscall_geteuid
                0x0000000200004df8       0x30 /home/zbtrs/ospp/rt-thread/bsp/toolchain/riscv64-linux-musleabi_for_x86_64-pc-linux-gnu/bin/../lib/gcc/riscv64-unknown-linux-musl/10.1.0/../../../../riscv64-unknown-linux-musl/lib/libc.a(syscall.o)
 .text.syscall_getegid
                0x0000000200004e28       0x30 /home/zbtrs/ospp/rt-thread/bsp/toolchain/riscv64-linux-musleabi_for_x86_64-pc-linux-gnu/bin/../lib/gcc/riscv64-unknown-linux-musl/10.1.0/../../../../riscv64-unknown-linux-musl/lib/libc.a(syscall.o)
 .text.syscall_acct
                0x0000000200004e58       0x30 /home/zbtrs/ospp/rt-thread/bsp/toolchain/riscv64-linux-musleabi_for_x86_64-pc-linux-gnu/bin/../lib/gcc/riscv64-unknown-linux-musl/10.1.0/../../../../riscv64-unknown-linux-musl/lib/libc.a(syscall.o)
 .text.syscall_memfd_create
                0x0000000200004e88       0x30 /home/zbtrs/ospp/rt-thread/bsp/toolchain/riscv64-linux-musleabi_for_x86_64-pc-linux-gnu/bin/../lib/gcc/riscv64-unknown-linux-musl/10.1.0/../../../../riscv64-unknown-linux-musl/lib/libc.a(syscall.o)
 .text.syscall_bpf
                0x0000000200004eb8       0x30 /home/zbtrs/ospp/rt-thread/bsp/toolchain/riscv64-linux-musleabi_for_x86_64-pc-linux-gnu/bin/../lib/gcc/riscv64-unknown-linux-musl/10.1.0/../../../../riscv64-unknown-linux-musl/lib/libc.a(syscall.o)
 .text.syscall_execveat
                0x0000000200004ee8       0x30 /home/zbtrs/ospp/rt-thread/bsp/toolchain/riscv64-linux-musleabi_for_x86_64-pc-linux-gnu/bin/../lib/gcc/riscv64-unknown-linux-musl/10.1.0/../../../../riscv64-unknown-linux-musl/lib/libc.a(syscall.o)
 .text.syscall_userfaultfd
                0x0000000200004f18       0x30 /home/zbtrs/ospp/rt-thread/bsp/toolchain/riscv64-linux-musleabi_for_x86_64-pc-linux-gnu/bin/../lib/gcc/riscv64-unknown-linux-musl/10.1.0/../../../../riscv64-unknown-linux-musl/lib/libc.a(syscall.o)
 .text.syscall_membarrier
                0x0000000200004f48       0x30 /home/zbtrs/ospp/rt-thread/bsp/toolchain/riscv64-linux-musleabi_for_x86_64-pc-linux-gnu/bin/../lib/gcc/riscv64-unknown-linux-musl/10.1.0/../../../../riscv64-unknown-linux-musl/lib/libc.a(syscall.o)
 .text.syscall_mlock2
                0x0000000200004f78       0x30 /home/zbtrs/ospp/rt-thread/bsp/toolchain/riscv64-linux-musleabi_for_x86_64-pc-linux-gnu/bin/../lib/gcc/riscv64-unknown-linux-musl/10.1.0/../../../../riscv64-unknown-linux-musl/lib/libc.a(syscall.o)
 .text.syscall_copy_file_range
                0x0000000200004fa8       0x30 /home/zbtrs/ospp/rt-thread/bsp/toolchain/riscv64-linux-musleabi_for_x86_64-pc-linux-gnu/bin/../lib/gcc/riscv64-unknown-linux-musl/10.1.0/../../../../riscv64-unknown-linux-musl/lib/libc.a(syscall.o)
 .text.syscall_preadv2
                0x0000000200004fd8       0x30 /home/zbtrs/ospp/rt-thread/bsp/toolchain/riscv64-linux-musleabi_for_x86_64-pc-linux-gnu/bin/../lib/gcc/riscv64-unknown-linux-musl/10.1.0/../../../../riscv64-unknown-linux-musl/lib/libc.a(syscall.o)
 .text.syscall_pwritev2
                0x0000000200005008       0x30 /home/zbtrs/ospp/rt-thread/bsp/toolchain/riscv64-linux-musleabi_for_x86_64-pc-linux-gnu/bin/../lib/gcc/riscv64-unknown-linux-musl/10.1.0/../../../../riscv64-unknown-linux-musl/lib/libc.a(syscall.o)
 .text.syscall_pkey_mprotect
                0x0000000200005038       0x30 /home/zbtrs/ospp/rt-thread/bsp/toolchain/riscv64-linux-musleabi_for_x86_64-pc-linux-gnu/bin/../lib/gcc/riscv64-unknown-linux-musl/10.1.0/../../../../riscv64-unknown-linux-musl/lib/libc.a(syscall.o)
 .text.syscall_pkey_alloc
                0x0000000200005068       0x30 /home/zbtrs/ospp/rt-thread/bsp/toolchain/riscv64-linux-musleabi_for_x86_64-pc-linux-gnu/bin/../lib/gcc/riscv64-unknown-linux-musl/10.1.0/../../../../riscv64-unknown-linux-musl/lib/libc.a(syscall.o)
 .text.syscall_pkey_free
                0x0000000200005098       0x30 /home/zbtrs/ospp/rt-thread/bsp/toolchain/riscv64-linux-musleabi_for_x86_64-pc-linux-gnu/bin/../lib/gcc/riscv64-unknown-linux-musl/10.1.0/../../../../riscv64-unknown-linux-musl/lib/libc.a(syscall.o)
 .text.syscall_statx
                0x00000002000050c8       0x30 /home/zbtrs/ospp/rt-thread/bsp/toolchain/riscv64-linux-musleabi_for_x86_64-pc-linux-gnu/bin/../lib/gcc/riscv64-unknown-linux-musl/10.1.0/../../../../riscv64-unknown-linux-musl/lib/libc.a(syscall.o)
 .text.syscall_rseq
                0x00000002000050f8       0x30 /home/zbtrs/ospp/rt-thread/bsp/toolchain/riscv64-linux-musleabi_for_x86_64-pc-linux-gnu/bin/../lib/gcc/riscv64-unknown-linux-musl/10.1.0/../../../../riscv64-unknown-linux-musl/lib/libc.a(syscall.o)
 .text.syscall_io_pgetevents
                0x0000000200005128       0x30 /home/zbtrs/ospp/rt-thread/bsp/toolchain/riscv64-linux-musleabi_for_x86_64-pc-linux-gnu/bin/../lib/gcc/riscv64-unknown-linux-musl/10.1.0/../../../../riscv64-unknown-linux-musl/lib/libc.a(syscall.o)
 .text.syscall_restart_syscall
                0x0000000200005158       0x30 /home/zbtrs/ospp/rt-thread/bsp/toolchain/riscv64-linux-musleabi_for_x86_64-pc-linux-gnu/bin/../lib/gcc/riscv64-unknown-linux-musl/10.1.0/../../../../riscv64-unknown-linux-musl/lib/libc.a(syscall.o)
 .text.syscall_eventfd
                0x0000000200005188       0x30 /home/zbtrs/ospp/rt-thread/bsp/toolchain/riscv64-linux-musleabi_for_x86_64-pc-linux-gnu/bin/../lib/gcc/riscv64-unknown-linux-musl/10.1.0/../../../../riscv64-unknown-linux-musl/lib/libc.a(syscall.o)
 .text.syscall_fallocate
                0x00000002000051b8       0x30 /home/zbtrs/ospp/rt-thread/bsp/toolchain/riscv64-linux-musleabi_for_x86_64-pc-linux-gnu/bin/../lib/gcc/riscv64-unknown-linux-musl/10.1.0/../../../../riscv64-unknown-linux-musl/lib/libc.a(syscall.o)
 .text.syscall_timerfd_settime
                0x00000002000051e8       0x30 /home/zbtrs/ospp/rt-thread/bsp/toolchain/riscv64-linux-musleabi_for_x86_64-pc-linux-gnu/bin/../lib/gcc/riscv64-unknown-linux-musl/10.1.0/../../../../riscv64-unknown-linux-musl/lib/libc.a(syscall.o)
 .text.syscall_timerfd_gettime
                0x0000000200005218       0x30 /home/zbtrs/ospp/rt-thread/bsp/toolchain/riscv64-linux-musleabi_for_x86_64-pc-linux-gnu/bin/../lib/gcc/riscv64-unknown-linux-musl/10.1.0/../../../../riscv64-unknown-linux-musl/lib/libc.a(syscall.o)
 .text.syscall_signalfd4
                0x0000000200005248       0x30 /home/zbtrs/ospp/rt-thread/bsp/toolchain/riscv64-linux-musleabi_for_x86_64-pc-linux-gnu/bin/../lib/gcc/riscv64-unknown-linux-musl/10.1.0/../../../../riscv64-unknown-linux-musl/lib/libc.a(syscall.o)
 .text.syscall_eventfd2
                0x0000000200005278       0x30 /home/zbtrs/ospp/rt-thread/bsp/toolchain/riscv64-linux-musleabi_for_x86_64-pc-linux-gnu/bin/../lib/gcc/riscv64-unknown-linux-musl/10.1.0/../../../../riscv64-unknown-linux-musl/lib/libc.a(syscall.o)
 .text.syscall_epoll_create1
                0x00000002000052a8       0x32 /home/zbtrs/ospp/rt-thread/bsp/toolchain/riscv64-linux-musleabi_for_x86_64-pc-linux-gnu/bin/../lib/gcc/riscv64-unknown-linux-musl/10.1.0/../../../../riscv64-unknown-linux-musl/lib/libc.a(syscall.o)
 .text.syscall_dup3
                0x00000002000052da       0x30 /home/zbtrs/ospp/rt-thread/bsp/toolchain/riscv64-linux-musleabi_for_x86_64-pc-linux-gnu/bin/../lib/gcc/riscv64-unknown-linux-musl/10.1.0/../../../../riscv64-unknown-linux-musl/lib/libc.a(syscall.o)
 .text.syscall_pipe2
                0x000000020000530a       0x30 /home/zbtrs/ospp/rt-thread/bsp/toolchain/riscv64-linux-musleabi_for_x86_64-pc-linux-gnu/bin/../lib/gcc/riscv64-unknown-linux-musl/10.1.0/../../../../riscv64-unknown-linux-musl/lib/libc.a(syscall.o)
 .text.syscall_inotify_init1
                0x000000020000533a       0x30 /home/zbtrs/ospp/rt-thread/bsp/toolchain/riscv64-linux-musleabi_for_x86_64-pc-linux-gnu/bin/../lib/gcc/riscv64-unknown-linux-musl/10.1.0/../../../../riscv64-unknown-linux-musl/lib/libc.a(syscall.o)
 .text.syscall_preadv
                0x000000020000536a       0x30 /home/zbtrs/ospp/rt-thread/bsp/toolchain/riscv64-linux-musleabi_for_x86_64-pc-linux-gnu/bin/../lib/gcc/riscv64-unknown-linux-musl/10.1.0/../../../../riscv64-unknown-linux-musl/lib/libc.a(syscall.o)
 .text.syscall_pwritev
                0x000000020000539a       0x30 /home/zbtrs/ospp/rt-thread/bsp/toolchain/riscv64-linux-musleabi_for_x86_64-pc-linux-gnu/bin/../lib/gcc/riscv64-unknown-linux-musl/10.1.0/../../../../riscv64-unknown-linux-musl/lib/libc.a(syscall.o)
 .text.syscall_rt_tgsigqueueinfo
                0x00000002000053ca       0x30 /home/zbtrs/ospp/rt-thread/bsp/toolchain/riscv64-linux-musleabi_for_x86_64-pc-linux-gnu/bin/../lib/gcc/riscv64-unknown-linux-musl/10.1.0/../../../../riscv64-unknown-linux-musl/lib/libc.a(syscall.o)
 .text.syscall_perf_event_open
                0x00000002000053fa       0x30 /home/zbtrs/ospp/rt-thread/bsp/toolchain/riscv64-linux-musleabi_for_x86_64-pc-linux-gnu/bin/../lib/gcc/riscv64-unknown-linux-musl/10.1.0/../../../../riscv64-unknown-linux-musl/lib/libc.a(syscall.o)
 .text.syscall_recvmmsg
                0x000000020000542a       0x30 /home/zbtrs/ospp/rt-thread/bsp/toolchain/riscv64-linux-musleabi_for_x86_64-pc-linux-gnu/bin/../lib/gcc/riscv64-unknown-linux-musl/10.1.0/../../../../riscv64-unknown-linux-musl/lib/libc.a(syscall.o)
 .text.syscall_accept4
                0x000000020000545a       0x30 /home/zbtrs/ospp/rt-thread/bsp/toolchain/riscv64-linux-musleabi_for_x86_64-pc-linux-gnu/bin/../lib/gcc/riscv64-unknown-linux-musl/10.1.0/../../../../riscv64-unknown-linux-musl/lib/libc.a(syscall.o)
 .text.syscall_fanotify_init
                0x000000020000548a       0x30 /home/zbtrs/ospp/rt-thread/bsp/toolchain/riscv64-linux-musleabi_for_x86_64-pc-linux-gnu/bin/../lib/gcc/riscv64-unknown-linux-musl/10.1.0/../../../../riscv64-unknown-linux-musl/lib/libc.a(syscall.o)
 .text.syscall_fanotify_mark
                0x00000002000054ba       0x30 /home/zbtrs/ospp/rt-thread/bsp/toolchain/riscv64-linux-musleabi_for_x86_64-pc-linux-gnu/bin/../lib/gcc/riscv64-unknown-linux-musl/10.1.0/../../../../riscv64-unknown-linux-musl/lib/libc.a(syscall.o)
 .text.syscall_name_to_handle_at
                0x00000002000054ea       0x30 /home/zbtrs/ospp/rt-thread/bsp/toolchain/riscv64-linux-musleabi_for_x86_64-pc-linux-gnu/bin/../lib/gcc/riscv64-unknown-linux-musl/10.1.0/../../../../riscv64-unknown-linux-musl/lib/libc.a(syscall.o)
 .text.syscall_open_by_handle_at
                0x000000020000551a       0x30 /home/zbtrs/ospp/rt-thread/bsp/toolchain/riscv64-linux-musleabi_for_x86_64-pc-linux-gnu/bin/../lib/gcc/riscv64-unknown-linux-musl/10.1.0/../../../../riscv64-unknown-linux-musl/lib/libc.a(syscall.o)
 .text.syscall_clock_adjtime
                0x000000020000554a       0x30 /home/zbtrs/ospp/rt-thread/bsp/toolchain/riscv64-linux-musleabi_for_x86_64-pc-linux-gnu/bin/../lib/gcc/riscv64-unknown-linux-musl/10.1.0/../../../../riscv64-unknown-linux-musl/lib/libc.a(syscall.o)
 .text.syscall_syncfs
                0x000000020000557a       0x30 /home/zbtrs/ospp/rt-thread/bsp/toolchain/riscv64-linux-musleabi_for_x86_64-pc-linux-gnu/bin/../lib/gcc/riscv64-unknown-linux-musl/10.1.0/../../../../riscv64-unknown-linux-musl/lib/libc.a(syscall.o)
 .text.syscall_sendmmsg
                0x00000002000055aa       0x30 /home/zbtrs/ospp/rt-thread/bsp/toolchain/riscv64-linux-musleabi_for_x86_64-pc-linux-gnu/bin/../lib/gcc/riscv64-unknown-linux-musl/10.1.0/../../../../riscv64-unknown-linux-musl/lib/libc.a(syscall.o)
 .text.syscall_setns
                0x00000002000055da       0x30 /home/zbtrs/ospp/rt-thread/bsp/toolchain/riscv64-linux-musleabi_for_x86_64-pc-linux-gnu/bin/../lib/gcc/riscv64-unknown-linux-musl/10.1.0/../../../../riscv64-unknown-linux-musl/lib/libc.a(syscall.o)
 .text.syscall_process_vm_readv
                0x000000020000560a       0x30 /home/zbtrs/ospp/rt-thread/bsp/toolchain/riscv64-linux-musleabi_for_x86_64-pc-linux-gnu/bin/../lib/gcc/riscv64-unknown-linux-musl/10.1.0/../../../../riscv64-unknown-linux-musl/lib/libc.a(syscall.o)
 .text.syscall_process_vm_writev